Archive member included because of file (symbol)

/usr/bin/../lib/gcc/arm-none-eabi/4.9.3/../../../../arm-none-eabi/lib/armv7e-m/libg_nano.a(lib_a-errno.o)
                              ./system/src/newlib/_sbrk.o (__errno)
/usr/bin/../lib/gcc/arm-none-eabi/4.9.3/../../../../arm-none-eabi/lib/armv7e-m/libg_nano.a(lib_a-impure.o)
                              /usr/bin/../lib/gcc/arm-none-eabi/4.9.3/../../../../arm-none-eabi/lib/armv7e-m/libg_nano.a(lib_a-errno.o) (_impure_ptr)
/usr/bin/../lib/gcc/arm-none-eabi/4.9.3/../../../../arm-none-eabi/lib/armv7e-m/libg_nano.a(lib_a-malloc.o)
                              ./src/main.o (malloc)
/usr/bin/../lib/gcc/arm-none-eabi/4.9.3/../../../../arm-none-eabi/lib/armv7e-m/libg_nano.a(lib_a-nano-freer.o)
                              /usr/bin/../lib/gcc/arm-none-eabi/4.9.3/../../../../arm-none-eabi/lib/armv7e-m/libg_nano.a(lib_a-malloc.o) (_free_r)
/usr/bin/../lib/gcc/arm-none-eabi/4.9.3/../../../../arm-none-eabi/lib/armv7e-m/libg_nano.a(lib_a-nano-mallocr.o)
                              /usr/bin/../lib/gcc/arm-none-eabi/4.9.3/../../../../arm-none-eabi/lib/armv7e-m/libg_nano.a(lib_a-malloc.o) (_malloc_r)
/usr/bin/../lib/gcc/arm-none-eabi/4.9.3/../../../../arm-none-eabi/lib/armv7e-m/libg_nano.a(lib_a-sbrkr.o)
                              /usr/bin/../lib/gcc/arm-none-eabi/4.9.3/../../../../arm-none-eabi/lib/armv7e-m/libg_nano.a(lib_a-nano-mallocr.o) (_sbrk_r)
/usr/bin/../lib/gcc/arm-none-eabi/4.9.3/../../../../arm-none-eabi/lib/armv7e-m/libg_nano.a(lib_a-strlen.o)
                              ./system/src/diag/Trace.o (strlen)
/usr/bin/../lib/gcc/arm-none-eabi/4.9.3/../../../../arm-none-eabi/lib/armv7e-m/libg_nano.a(lib_a-vsnprintf.o)
                              ./system/src/diag/Trace.o (vsnprintf)
/usr/bin/../lib/gcc/arm-none-eabi/4.9.3/../../../../arm-none-eabi/lib/armv7e-m/libg_nano.a(lib_a-nano-svfprintf.o)
                              /usr/bin/../lib/gcc/arm-none-eabi/4.9.3/../../../../arm-none-eabi/lib/armv7e-m/libg_nano.a(lib_a-vsnprintf.o) (_svfprintf_r)
/usr/bin/../lib/gcc/arm-none-eabi/4.9.3/../../../../arm-none-eabi/lib/armv7e-m/libg_nano.a(lib_a-nano-vfprintf_i.o)
                              /usr/bin/../lib/gcc/arm-none-eabi/4.9.3/../../../../arm-none-eabi/lib/armv7e-m/libg_nano.a(lib_a-nano-svfprintf.o) (_printf_i)
/usr/bin/../lib/gcc/arm-none-eabi/4.9.3/../../../../arm-none-eabi/lib/armv7e-m/libg_nano.a(lib_a-memchr.o)
                              /usr/bin/../lib/gcc/arm-none-eabi/4.9.3/../../../../arm-none-eabi/lib/armv7e-m/libg_nano.a(lib_a-nano-svfprintf.o) (memchr)
/usr/bin/../lib/gcc/arm-none-eabi/4.9.3/../../../../arm-none-eabi/lib/armv7e-m/libg_nano.a(lib_a-memcpy.o)
                              /usr/bin/../lib/gcc/arm-none-eabi/4.9.3/../../../../arm-none-eabi/lib/armv7e-m/libg_nano.a(lib_a-nano-svfprintf.o) (memcpy)
/usr/bin/../lib/gcc/arm-none-eabi/4.9.3/../../../../arm-none-eabi/lib/armv7e-m/libg_nano.a(lib_a-memmove.o)
                              /usr/bin/../lib/gcc/arm-none-eabi/4.9.3/../../../../arm-none-eabi/lib/armv7e-m/libg_nano.a(lib_a-nano-svfprintf.o) (memmove)
/usr/bin/../lib/gcc/arm-none-eabi/4.9.3/../../../../arm-none-eabi/lib/armv7e-m/libg_nano.a(lib_a-nano-reallocr.o)
                              /usr/bin/../lib/gcc/arm-none-eabi/4.9.3/../../../../arm-none-eabi/lib/armv7e-m/libg_nano.a(lib_a-nano-svfprintf.o) (_realloc_r)
/usr/bin/../lib/gcc/arm-none-eabi/4.9.3/../../../../arm-none-eabi/lib/armv7e-m/libg_nano.a(lib_a-nano-msizer.o)
                              /usr/bin/../lib/gcc/arm-none-eabi/4.9.3/../../../../arm-none-eabi/lib/armv7e-m/libg_nano.a(lib_a-nano-reallocr.o) (_malloc_usable_size_r)

Allocating common symbols
Common symbol       size              file

errno               0x4               ./system/src/newlib/_syscalls.o
txSlaveBuffer       0x4               ./src/main.o
UartMasterHandle    0x40              ./src/main.o
txMasterBuffer      0x4               ./src/main.o
pFlash              0x20              ./system/src/stm32f4-hal/stm32f4xx_hal_flash.o
UartSlaveHandle     0x40              ./src/main.o
rxSlaveBuffer       0x4               ./src/main.o
rxMasterBuffer      0x4               ./src/main.o
Debug               0x1               ./src/main.o

Discarded input sections

 .group         0x00000000        0x8 ./system/src/stm32f4-hal/stm32f4xx_hal.o
 .group         0x00000000        0x8 ./system/src/stm32f4-hal/stm32f4xx_hal.o
 .group         0x00000000        0x8 ./system/src/stm32f4-hal/stm32f4xx_hal.o
 .group         0x00000000        0x8 ./system/src/stm32f4-hal/stm32f4xx_hal.o
 .group         0x00000000        0x8 ./system/src/stm32f4-hal/stm32f4xx_hal.o
 .group         0x00000000        0x8 ./system/src/stm32f4-hal/stm32f4xx_hal.o
 .group         0x00000000        0x8 ./system/src/stm32f4-hal/stm32f4xx_hal.o
 .group         0x00000000        0x8 ./system/src/stm32f4-hal/stm32f4xx_hal.o
 .group         0x00000000        0x8 ./system/src/stm32f4-hal/stm32f4xx_hal.o
[...]
Memory Configuration

Name             Origin             Length             Attributes
RAM              0x20000000         0x00020000         xrw
CCMRAM           0x10000000         0x00010000         xrw
FLASH            0x08000000         0x00080000         xr
FLASHB1          0x00000000         0x00000000         xr
EXTMEMB0         0x00000000         0x00000000         xr
EXTMEMB1         0x00000000         0x00000000         xr
EXTMEMB2         0x00000000         0x00000000         xr
EXTMEMB3         0x00000000         0x00000000         xr
MEMORY_ARRAY     0x20002000         0x00000020         xrw
*default*        0x00000000         0xffffffff

Linker script and memory map

LOAD ./system/src/stm32f4-hal/stm32f4xx_hal.o
LOAD ./system/src/stm32f4-hal/stm32f4xx_hal_cortex.o
LOAD ./system/src/stm32f4-hal/stm32f4xx_hal_flash.o
LOAD ./system/src/stm32f4-hal/stm32f4xx_hal_flash_ex.o
LOAD ./system/src/stm32f4-hal/stm32f4xx_hal_flash_ramfunc.o
LOAD ./system/src/stm32f4-hal/stm32f4xx_hal_gpio.o
LOAD ./system/src/stm32f4-hal/stm32f4xx_hal_iwdg.o
LOAD ./system/src/stm32f4-hal/stm32f4xx_hal_pcd_ex.o
LOAD ./system/src/stm32f4-hal/stm32f4xx_hal_pwr.o
LOAD ./system/src/stm32f4-hal/stm32f4xx_hal_pwr_ex.o
LOAD ./system/src/stm32f4-hal/stm32f4xx_hal_rcc.o
LOAD ./system/src/stm32f4-hal/stm32f4xx_hal_rcc_ex.o
LOAD ./system/src/stm32f4-hal/stm32f4xx_hal_uart.o
LOAD ./system/src/newlib/_cxx.o
LOAD ./system/src/newlib/_exit.o
LOAD ./system/src/newlib/_sbrk.o
LOAD ./system/src/newlib/_startup.o
LOAD ./system/src/newlib/_syscalls.o
LOAD ./system/src/newlib/assert.o
LOAD ./system/src/diag/Trace.o
LOAD ./system/src/diag/trace_impl.o
LOAD ./system/src/cortexm/_initialize_hardware.o
LOAD ./system/src/cortexm/_reset_hardware.o
LOAD ./system/src/cortexm/exception_handlers.o
LOAD ./system/src/cmsis/system_stm32f4xx.o
LOAD ./system/src/cmsis/vectors_stm32f4xx.o
LOAD ./src/_initialize_hardware.o
LOAD ./src/_write.o
LOAD ./src/main.o
LOAD ./src/stm32f4_discovery.o
LOAD ./src/stm32f4xx_hal_msp.o
LOAD /usr/bin/../lib/gcc/arm-none-eabi/4.9.3/../../../../arm-none-eabi/lib/armv7e-m/libstdc++_nano.a
LOAD /usr/bin/../lib/gcc/arm-none-eabi/4.9.3/../../../../arm-none-eabi/lib/armv7e-m/libm.a
START GROUP
LOAD /usr/bin/../lib/gcc/arm-none-eabi/4.9.3/armv7e-m/libgcc.a
LOAD /usr/bin/../lib/gcc/arm-none-eabi/4.9.3/../../../../arm-none-eabi/lib/armv7e-m/libg_nano.a
LOAD /usr/bin/../lib/gcc/arm-none-eabi/4.9.3/../../../../arm-none-eabi/lib/armv7e-m/libc_nano.a
END GROUP
START GROUP
LOAD /usr/bin/../lib/gcc/arm-none-eabi/4.9.3/armv7e-m/libgcc.a
LOAD /usr/bin/../lib/gcc/arm-none-eabi/4.9.3/../../../../arm-none-eabi/lib/armv7e-m/libc_nano.a
END GROUP
                0x20020000                __stack = (ORIGIN (RAM) + 0x20000)
                0x20020000                _estack = __stack
                0x00000400                __Main_Stack_Size = 0x400
                0x00000400                PROVIDE (_Main_Stack_Size, __Main_Stack_Size)
                0x2001fc00                __Main_Stack_Limit = (__stack - __Main_Stack_Size)
                0x2001fc00                PROVIDE (_Main_Stack_Limit, __Main_Stack_Limit)
                0x00000100                _Minimum_Stack_Size = 0x100
                0x200001c8                PROVIDE (_Heap_Begin, _end_noinit)
                0x2001fc00                PROVIDE (_Heap_Limit, (__stack - __Main_Stack_Size))

.isr_vector     0x08000000      0x3c0
 FILL mask 0xff
                0x08000000                __vectors_start__ = ABSOLUTE (.)
 *(.isr_vector)
 .isr_vector    0x08000000      0x188 ./system/src/cmsis/vectors_stm32f4xx.o
                0x08000000                __isr_vectors
 *(.cfmconfig)
 *(.after_vectors .after_vectors.*)
 .after_vectors
                0x08000188      0x130 ./system/src/newlib/_startup.o
                0x08000188                _start
 .after_vectors
                0x080002b8      0x104 ./system/src/cortexm/exception_handlers.o
                0x080002b8                Reset_Handler
                0x080002c0                NMI_Handler
                0x080002c4                HardFault_Handler
                0x080002d8                HardFault_Handler_C
                0x0800030c                MemManage_Handler
                0x08000310                BusFault_Handler
                0x08000324                BusFault_Handler_C
                0x08000358                UsageFault_Handler
                0x0800036c                UsageFault_Handler_C
                0x080003a0                SVC_Handler
                0x080003a4                DebugMon_Handler
                0x080003a8                PendSV_Handler
                0x080003ac                SysTick_Handler
 .after_vectors
                0x080003bc        0x4 ./system/src/cmsis/vectors_stm32f4xx.o
                0x080003bc                RTC_Alarm_IRQHandler
                0x080003bc                HASH_RNG_IRQHandler
                0x080003bc                EXTI2_IRQHandler
                0x080003bc                TIM8_CC_IRQHandler
                0x080003bc                TIM1_CC_IRQHandler
                0x080003bc                DMA2_Stream5_IRQHandler
                0x080003bc                DMA1_Stream5_IRQHandler
                0x080003bc                PVD_IRQHandler
                0x080003bc                SDIO_IRQHandler
                0x080003bc                TAMP_STAMP_IRQHandler
                0x080003bc                CAN2_RX1_IRQHandler
                0x080003bc                EXTI3_IRQHandler
                0x080003bc                TIM8_TRG_COM_TIM14_IRQHandler
                0x080003bc                TIM1_UP_TIM10_IRQHandler
                0x080003bc                TIM8_UP_TIM13_IRQHandler
                0x080003bc                I2C3_ER_IRQHandler
                0x080003bc                EXTI0_IRQHandler
                0x080003bc                I2C2_EV_IRQHandler
                0x080003bc                DMA1_Stream2_IRQHandler
                0x080003bc                CAN1_RX0_IRQHandler
                0x080003bc                FPU_IRQHandler
                0x080003bc                OTG_HS_WKUP_IRQHandler
                0x080003bc                CAN2_SCE_IRQHandler
                0x080003bc                DMA2_Stream2_IRQHandler
                0x080003bc                SPI1_IRQHandler
                0x080003bc                TIM6_DAC_IRQHandler
                0x080003bc                TIM1_BRK_TIM9_IRQHandler
                0x080003bc                DCMI_IRQHandler
                0x080003bc                CAN2_RX0_IRQHandler
                0x080003bc                DMA2_Stream3_IRQHandler
                0x080003bc                CAN1_RX1_IRQHandler
                0x080003bc                UART5_IRQHandler
                0x080003bc                DMA2_Stream0_IRQHandler
                0x080003bc                TIM4_IRQHandler
                0x080003bc                I2C1_EV_IRQHandler
                0x080003bc                DMA1_Stream6_IRQHandler
                0x080003bc                DMA1_Stream1_IRQHandler
                0x080003bc                UART4_IRQHandler
                0x080003bc                TIM3_IRQHandler
                0x080003bc                RCC_IRQHandler
                0x080003bc                TIM8_BRK_TIM12_IRQHandler
                0x080003bc                Default_Handler
                0x080003bc                EXTI15_10_IRQHandler
                0x080003bc                ADC_IRQHandler
                0x080003bc                DMA1_Stream7_IRQHandler
                0x080003bc                TIM7_IRQHandler
                0x080003bc                CAN2_TX_IRQHandler
                0x080003bc                TIM5_IRQHandler
                0x080003bc                DMA2_Stream7_IRQHandler
                0x080003bc                I2C3_EV_IRQHandler
                0x080003bc                EXTI9_5_IRQHandler
                0x080003bc                RTC_WKUP_IRQHandler
                0x080003bc                ETH_WKUP_IRQHandler
                0x080003bc                SPI2_IRQHandler
                0x080003bc                OTG_HS_EP1_IN_IRQHandler
                0x080003bc                DMA1_Stream0_IRQHandler
                0x080003bc                CAN1_TX_IRQHandler
                0x080003bc                EXTI4_IRQHandler
                0x080003bc                FSMC_IRQHandler
                0x080003bc                ETH_IRQHandler
                0x080003bc                OTG_HS_EP1_OUT_IRQHandler
                0x080003bc                WWDG_IRQHandler
                0x080003bc                TIM2_IRQHandler
                0x080003bc                OTG_FS_WKUP_IRQHandler
                0x080003bc                TIM1_TRG_COM_TIM11_IRQHandler
                0x080003bc                OTG_HS_IRQHandler
                0x080003bc                EXTI1_IRQHandler
                0x080003bc                USART2_IRQHandler
                0x080003bc                I2C2_ER_IRQHandler
                0x080003bc                DMA2_Stream1_IRQHandler
                0x080003bc                CAN1_SCE_IRQHandler
                0x080003bc                FLASH_IRQHandler
                0x080003bc                DMA2_Stream4_IRQHandler
                0x080003bc                USART1_IRQHandler
                0x080003bc                OTG_FS_IRQHandler
                0x080003bc                SPI3_IRQHandler
                0x080003bc                DMA1_Stream4_IRQHandler
                0x080003bc                I2C1_ER_IRQHandler
                0x080003bc                DMA2_Stream6_IRQHandler
                0x080003bc                DMA1_Stream3_IRQHandler

.inits          0x080003c0       0x28
                0x080003c0                __data_regions_array_start = .
                0x080003c0        0x4 LONG 0x8002e84 LOADADDR (.data)
                0x080003c4        0x4 LONG 0x20000000 ADDR (.data)
                0x080003c8        0x4 LONG 0x20000090 (ADDR (.data) + SIZEOF (.data))
                0x080003cc        0x4 LONG 0x8002e84 LOADADDR (.data_CCMRAM)
                0x080003d0        0x4 LONG 0x10000000 ADDR (.data_CCMRAM)
                0x080003d4        0x4 LONG 0x10000000 (ADDR (.data_CCMRAM) + SIZEOF (.data_CCMRAM))
                0x080003d8                __data_regions_array_end = .
                0x080003d8                __bss_regions_array_start = .
                0x080003d8        0x4 LONG 0x20000090 ADDR (.bss)
                0x080003dc        0x4 LONG 0x200001c8 (ADDR (.bss) + SIZEOF (.bss))
                0x080003e0        0x4 LONG 0x10000000 ADDR (.bss_CCMRAM)
                0x080003e4        0x4 LONG 0x10000000 (ADDR (.bss_CCMRAM) + SIZEOF (.bss_CCMRAM))
                0x080003e8                __bss_regions_array_end = .
 *(.init)
 *(.fini)
                0x080003e8                . = ALIGN (0x4)
                0x080003e8                PROVIDE (__preinit_array_start, .)
 *(.preinit_array_sysinit .preinit_array_sysinit.*)
 *(.preinit_array_platform .preinit_array_platform.*)
 *(.preinit_array .preinit_array.*)
                0x080003e8                PROVIDE (__preinit_array_end, .)
                0x080003e8                . = ALIGN (0x4)
                0x080003e8                PROVIDE (__init_array_start, .)
 *(SORT(.init_array.*))
 *(.init_array)
                0x080003e8                PROVIDE (__init_array_end, .)
                0x080003e8                . = ALIGN (0x4)
                0x080003e8                PROVIDE (__fini_array_start, .)
 *(SORT(.fini_array.*))
 *(.fini_array)
                0x080003e8                PROVIDE (__fini_array_end, .)

.flashtext
 *(.flashtext .flashtext.*)

.text           0x080003e8     0x2a99
 *(.text .text.*)
 .text.HAL_MspInit
                0x080003e8        0x4 ./system/src/stm32f4-hal/stm32f4xx_hal.o
                0x080003e8                HAL_MspInit
 .text.HAL_InitTick
                0x080003ec       0x28 ./system/src/stm32f4-hal/stm32f4xx_hal.o
                0x080003ec                HAL_InitTick
 .text.HAL_Init
                0x08000414       0x34 ./system/src/stm32f4-hal/stm32f4xx_hal.o
                0x08000414                HAL_Init
 .text.HAL_GetTick
                0x08000448        0xc ./system/src/stm32f4-hal/stm32f4xx_hal.o
                0x08000448                HAL_GetTick
 .text.HAL_SuspendTick
                0x08000454       0x10 ./system/src/stm32f4-hal/stm32f4xx_hal.o
                0x08000454                HAL_SuspendTick
 .text.HAL_GetREVID
                0x08000464        0xc ./system/src/stm32f4-hal/stm32f4xx_hal.o
                0x08000464                HAL_GetREVID
 .text.HAL_NVIC_SetPriorityGrouping
                0x08000470       0x3c ./system/src/stm32f4-hal/stm32f4xx_hal_cortex.o
                0x08000470                HAL_NVIC_SetPriorityGrouping
 .text.HAL_NVIC_SetPriority
                0x080004ac       0x84 ./system/src/stm32f4-hal/stm32f4xx_hal_cortex.o
                0x080004ac                HAL_NVIC_SetPriority
 .text.HAL_NVIC_EnableIRQ
                0x08000530       0x28 ./system/src/stm32f4-hal/stm32f4xx_hal_cortex.o
                0x08000530                HAL_NVIC_EnableIRQ
 .text.HAL_NVIC_DisableIRQ
                0x08000558       0x2c ./system/src/stm32f4-hal/stm32f4xx_hal_cortex.o
                0x08000558                HAL_NVIC_DisableIRQ
 .text.HAL_SYSTICK_Config
                0x08000584       0x2c ./system/src/stm32f4-hal/stm32f4xx_hal_cortex.o
                0x08000584                HAL_SYSTICK_Config
 .text.HAL_GPIO_Init
                0x080005b0      0x31c ./system/src/stm32f4-hal/stm32f4xx_hal_gpio.o
                0x080005b0                HAL_GPIO_Init
 .text.HAL_GPIO_DeInit
                0x080008cc       0xf8 ./system/src/stm32f4-hal/stm32f4xx_hal_gpio.o
                0x080008cc                HAL_GPIO_DeInit
 .text.HAL_GPIO_ReadPin
                0x080009c4       0x24 ./system/src/stm32f4-hal/stm32f4xx_hal_gpio.o
                0x080009c4                HAL_GPIO_ReadPin
 .text.HAL_GPIO_WritePin
                0x080009e8       0x34 ./system/src/stm32f4-hal/stm32f4xx_hal_gpio.o
                0x080009e8                HAL_GPIO_WritePin
 .text.HAL_RCC_OscConfig
                0x08000a1c      0x4b4 ./system/src/stm32f4-hal/stm32f4xx_hal_rcc.o
                0x08000a1c                HAL_RCC_OscConfig
 .text.HAL_RCC_ClockConfig
                0x08000ed0      0x32c ./system/src/stm32f4-hal/stm32f4xx_hal_rcc.o
                0x08000ed0                HAL_RCC_ClockConfig
 .text.HAL_RCC_GetSysClockFreq
                0x080011fc       0x98 ./system/src/stm32f4-hal/stm32f4xx_hal_rcc.o
                0x080011fc                HAL_RCC_GetSysClockFreq
 .text.HAL_RCC_GetHCLKFreq
                0x08001294       0x38 ./system/src/stm32f4-hal/stm32f4xx_hal_rcc.o
                0x08001294                HAL_RCC_GetHCLKFreq
 .text.HAL_RCC_GetPCLK1Freq
                0x080012cc       0x30 ./system/src/stm32f4-hal/stm32f4xx_hal_rcc.o
                0x080012cc                HAL_RCC_GetPCLK1Freq
 .text.HAL_RCC_GetPCLK2Freq
                0x080012fc       0x30 ./system/src/stm32f4-hal/stm32f4xx_hal_rcc.o
                0x080012fc                HAL_RCC_GetPCLK2Freq
 .text.UART_Transmit_IT
                0x0800132c       0x6c ./system/src/stm32f4-hal/stm32f4xx_hal_uart.o
 .text.UART_SetConfig
                0x08001398      0x26c ./system/src/stm32f4-hal/stm32f4xx_hal_uart.o
 .text.HAL_UART_Init
                0x08001604      0x114 ./system/src/stm32f4-hal/stm32f4xx_hal_uart.o
                0x08001604                HAL_UART_Init
 .text.HAL_UART_DeInit
                0x08001718       0x68 ./system/src/stm32f4-hal/stm32f4xx_hal_uart.o
                0x08001718                HAL_UART_DeInit
 .text.HAL_UART_Transmit_IT
                0x08001780       0x80 ./system/src/stm32f4-hal/stm32f4xx_hal_uart.o
                0x08001780                HAL_UART_Transmit_IT
 .text.HAL_UART_Receive_IT
                0x08001800       0x80 ./system/src/stm32f4-hal/stm32f4xx_hal_uart.o
                0x08001800                HAL_UART_Receive_IT
 .text.UART_EndTransmit_IT
                0x08001880       0x40 ./system/src/stm32f4-hal/stm32f4xx_hal_uart.o
 .text.UART_Receive_IT
                0x080018c0       0xb4 ./system/src/stm32f4-hal/stm32f4xx_hal_uart.o
 .text.HAL_UART_IRQHandler
                0x08001974       0xec ./system/src/stm32f4-hal/stm32f4xx_hal_uart.o
                0x08001974                HAL_UART_IRQHandler
 .text._exit    0x08001a60        0x4 ./system/src/newlib/_exit.o
                0x08001a60                _exit
 .text.abort    0x08001a64       0x14 ./system/src/newlib/_exit.o
                0x08001a64                abort
 .text._sbrk    0x08001a78       0x44 ./system/src/newlib/_sbrk.o
                0x08001a78                _sbrk
 .text.__initialize_args
                0x08001abc       0x10 ./system/src/newlib/_syscalls.o
                0x08001abc                __initialize_args
 .text.assert_failed
                0x08001acc       0x18 ./system/src/newlib/assert.o
                0x08001acc                assert_failed
 .text.trace_printf
                0x08001ae4       0x34 ./system/src/diag/Trace.o
                0x08001ae4                trace_printf
 .text.trace_puts
                0x08001b18       0x20 ./system/src/diag/Trace.o
                0x08001b18                trace_puts
 .text._trace_write_itm
                0x08001b38       0x48 ./system/src/diag/trace_impl.o
 .text.trace_write
                0x08001b80        0x8 ./system/src/diag/trace_impl.o
                0x08001b80                trace_write
 .text.__initialize_hardware_early
                0x08001b88        0x8 ./system/src/cortexm/_initialize_hardware.o
                0x08001b88                __initialize_hardware_early
 .text.dumpExceptionStack
                0x08001b90       0xf0 ./system/src/cortexm/exception_handlers.o
                0x08001b90                dumpExceptionStack
 .text.SystemInit
                0x08001c80       0x40 ./system/src/cmsis/system_stm32f4xx.o
                0x08001c80                SystemInit
 .text.configure_system_clock
                0x08001cc0       0x68 ./src/_initialize_hardware.o
                0x08001cc0                configure_system_clock
 .text.__initialize_hardware
                0x08001d28       0x14 ./src/_initialize_hardware.o
                0x08001d28                __initialize_hardware
 .text.SystemClock_Config
                0x08001d3c       0x80 ./src/main.o
 .text.finalize
                0x08001dbc       0x68 ./src/main.o
                0x08001dbc                finalize
 .text.USART6_IRQHandler
                0x08001e24       0x10 ./src/main.o
                0x08001e24                USART6_IRQHandler
 .text.USART3_IRQHandler
                0x08001e34       0x10 ./src/main.o
                0x08001e34                USART3_IRQHandler
 .text.HAL_UART_TxCpltCallback
                0x08001e44       0x48 ./src/main.o
                0x08001e44                HAL_UART_TxCpltCallback
 .text.HAL_UART_RxCpltCallback
                0x08001e8c       0x44 ./src/main.o
                0x08001e8c                HAL_UART_RxCpltCallback
 .text.HAL_UART_ErrorCallback
                0x08001ed0        0x8 ./src/main.o
                0x08001ed0                HAL_UART_ErrorCallback
 .text.setup    0x08001ed8       0xdc ./src/main.o
                0x08001ed8                setup
 .text.main     0x08001fb4       0xac ./src/main.o
                0x08001fb4                main
 .text.BSP_LED_Init
                0x08002060       0x7c ./src/stm32f4_discovery.o
                0x08002060                BSP_LED_Init
 .text.BSP_LED_On
                0x080020dc       0x20 ./src/stm32f4_discovery.o
                0x080020dc                BSP_LED_On
 .text.BSP_LED_Off
                0x080020fc       0x20 ./src/stm32f4_discovery.o
                0x080020fc                BSP_LED_Off
 .text.BSP_PB_Init
                0x0800211c       0x70 ./src/stm32f4_discovery.o
                0x0800211c                BSP_PB_Init
 .text.BSP_PB_GetState
                0x0800218c       0x14 ./src/stm32f4_discovery.o
                0x0800218c                BSP_PB_GetState
 .text.HAL_UART_MspInit
                0x080021a0       0xd0 ./src/stm32f4xx_hal_msp.o
                0x080021a0                HAL_UART_MspInit
 .text.HAL_UART_MspDeInit
                0x08002270       0x78 ./src/stm32f4xx_hal_msp.o
                0x08002270                HAL_UART_MspDeInit
 .text.__errno  0x080022e8        0xc /usr/bin/../lib/gcc/arm-none-eabi/4.9.3/../../../../arm-none-eabi/lib/armv7e-m/libg_nano.a(lib_a-errno.o)
                0x080022e8                __errno
 .text.malloc   0x080022f4       0x10 /usr/bin/../lib/gcc/arm-none-eabi/4.9.3/../../../../arm-none-eabi/lib/armv7e-m/libg_nano.a(lib_a-malloc.o)
                0x080022f4                malloc
 .text.free     0x08002304       0x10 /usr/bin/../lib/gcc/arm-none-eabi/4.9.3/../../../../arm-none-eabi/lib/armv7e-m/libg_nano.a(lib_a-malloc.o)
                0x08002304                free
 .text._free_r  0x08002314       0x88 /usr/bin/../lib/gcc/arm-none-eabi/4.9.3/../../../../arm-none-eabi/lib/armv7e-m/libg_nano.a(lib_a-nano-freer.o)
                0x08002314                _free_r
 .text._malloc_r
                0x0800239c       0xac /usr/bin/../lib/gcc/arm-none-eabi/4.9.3/../../../../arm-none-eabi/lib/armv7e-m/libg_nano.a(lib_a-nano-mallocr.o)
                0x0800239c                _malloc_r
 .text._sbrk_r  0x08002448       0x20 /usr/bin/../lib/gcc/arm-none-eabi/4.9.3/../../../../arm-none-eabi/lib/armv7e-m/libg_nano.a(lib_a-sbrkr.o)
                0x08002448                _sbrk_r
 .text.strlen   0x08002468       0x10 /usr/bin/../lib/gcc/arm-none-eabi/4.9.3/../../../../arm-none-eabi/lib/armv7e-m/libg_nano.a(lib_a-strlen.o)
                0x08002468                strlen
 .text._vsnprintf_r
                0x08002478       0x52 /usr/bin/../lib/gcc/arm-none-eabi/4.9.3/../../../../arm-none-eabi/lib/armv7e-m/libg_nano.a(lib_a-vsnprintf.o)
                0x08002478                _vsnprintf_r
                0x08002478                _vsniprintf_r
 *fill*         0x080024ca        0x2 
 .text.vsnprintf
                0x080024cc       0x20 /usr/bin/../lib/gcc/arm-none-eabi/4.9.3/../../../../arm-none-eabi/lib/armv7e-m/libg_nano.a(lib_a-vsnprintf.o)
                0x080024cc                vsnprintf
                0x080024cc                vsniprintf
 .text.__ssputs_r
                0x080024ec       0xb2 /usr/bin/../lib/gcc/arm-none-eabi/4.9.3/../../../../arm-none-eabi/lib/armv7e-m/libg_nano.a(lib_a-nano-svfprintf.o)
                0x080024ec                __ssputs_r
 *fill*         0x0800259e        0x2 
 .text._svfprintf_r
                0x080025a0      0x1e4 /usr/bin/../lib/gcc/arm-none-eabi/4.9.3/../../../../arm-none-eabi/lib/armv7e-m/libg_nano.a(lib_a-nano-svfprintf.o)
                0x080025a0                _svfprintf_r
                0x080025a0                _svfiprintf_r
 .text._printf_common
                0x08002784       0xea /usr/bin/../lib/gcc/arm-none-eabi/4.9.3/../../../../arm-none-eabi/lib/armv7e-m/libg_nano.a(lib_a-nano-vfprintf_i.o)
                0x08002784                _printf_common
 *fill*         0x0800286e        0x2 
 .text._printf_i
                0x08002870      0x240 /usr/bin/../lib/gcc/arm-none-eabi/4.9.3/../../../../arm-none-eabi/lib/armv7e-m/libg_nano.a(lib_a-nano-vfprintf_i.o)
                0x08002870                _printf_i
 .text.memchr   0x08002ab0       0x1e /usr/bin/../lib/gcc/arm-none-eabi/4.9.3/../../../../arm-none-eabi/lib/armv7e-m/libg_nano.a(lib_a-memchr.o)
                0x08002ab0                memchr
 .text.memcpy   0x08002ace       0x16 /usr/bin/../lib/gcc/arm-none-eabi/4.9.3/../../../../arm-none-eabi/lib/armv7e-m/libg_nano.a(lib_a-memcpy.o)
                0x08002ace                memcpy
 .text.memmove  0x08002ae4       0x36 /usr/bin/../lib/gcc/arm-none-eabi/4.9.3/../../../../arm-none-eabi/lib/armv7e-m/libg_nano.a(lib_a-memmove.o)
                0x08002ae4                memmove
 .text._realloc_r
                0x08002b1a       0x4c /usr/bin/../lib/gcc/arm-none-eabi/4.9.3/../../../../arm-none-eabi/lib/armv7e-m/libg_nano.a(lib_a-nano-reallocr.o)
                0x08002b1a                _realloc_r
 .text._malloc_usable_size_r
                0x08002b66       0x14 /usr/bin/../lib/gcc/arm-none-eabi/4.9.3/../../../../arm-none-eabi/lib/armv7e-m/libg_nano.a(lib_a-nano-msizer.o)
                0x08002b66                _malloc_usable_size_r
 *(.rodata .rodata.* .constdata .constdata.*)
 *fill*         0x08002b7a        0x2 
 .rodata.str1.4
                0x08002b7c       0x31 ./system/src/stm32f4-hal/stm32f4xx_hal_cortex.o
                                 0x34 (size before relaxing)
 *fill*         0x08002bad        0x3 
 .rodata.str1.4
                0x08002bb0       0x2f ./system/src/stm32f4-hal/stm32f4xx_hal_gpio.o
                                 0x30 (size before relaxing)
 *fill*         0x08002bdf        0x1 
 .rodata.APBAHBPrescTable
                0x08002be0       0x10 ./system/src/stm32f4-hal/stm32f4xx_hal_rcc.o
                0x08002be0                APBAHBPrescTable
 .rodata.str1.4
                0x08002bf0       0x2e ./system/src/stm32f4-hal/stm32f4xx_hal_rcc.o
                                 0x30 (size before relaxing)
 *fill*         0x08002c1e        0x2 
 .rodata.str1.4
                0x08002c20       0x2f ./system/src/stm32f4-hal/stm32f4xx_hal_uart.o
                                 0x30 (size before relaxing)
 *fill*         0x08002c4f        0x1 
 .rodata.str1.4
                0x08002c50       0x14 ./system/src/newlib/_exit.o
 .rodata.str1.4
                0x08002c64       0x6b ./system/src/newlib/assert.o
                                 0x70 (size before relaxing)
 *fill*         0x08002ccf        0x1 
 .rodata.str1.4
                0x08002cd0       0x29 ./system/src/diag/Trace.o
                                 0x30 (size before relaxing)
 *fill*         0x08002cf9        0x3 
 .rodata.str1.4
                0x08002cfc      0x148 ./system/src/cortexm/exception_handlers.o
 .rodata.GPIO_PIN
                0x08002e44        0x8 ./src/stm32f4_discovery.o
                0x08002e44                GPIO_PIN
 .rodata.str1.1
                0x08002e4c        0x2 /usr/bin/../lib/gcc/arm-none-eabi/4.9.3/../../../../arm-none-eabi/lib/armv7e-m/libg_nano.a(lib_a-impure.o)
 .rodata.str1.1
                0x08002e4e       0x11 /usr/bin/../lib/gcc/arm-none-eabi/4.9.3/../../../../arm-none-eabi/lib/armv7e-m/libg_nano.a(lib_a-nano-svfprintf.o)
 .rodata.str1.1
                0x08002e5f       0x22 /usr/bin/../lib/gcc/arm-none-eabi/4.9.3/../../../../arm-none-eabi/lib/armv7e-m/libg_nano.a(lib_a-nano-vfprintf_i.o)
 *(vtable)
 *(.eh_frame*)
 *(.glue_7)
 .glue_7        0x00000000        0x0 linker stubs
 *(.glue_7t)
 .glue_7t       0x00000000        0x0 linker stubs

.vfp11_veneer   0x08002e84        0x0
 .vfp11_veneer  0x00000000        0x0 linker stubs

.v4_bx          0x08002e84        0x0
 .v4_bx         0x00000000        0x0 linker stubs

.iplt           0x08002e84        0x0
 .iplt          0x00000000        0x0 ./system/src/stm32f4-hal/stm32f4xx_hal.o

.rel.dyn        0x08002e84        0x0
 .rel.iplt      0x00000000        0x0 ./system/src/stm32f4-hal/stm32f4xx_hal.o

.ARM.extab
 *(.ARM.extab* .gnu.linkonce.armextab.*)
                0x08002e84                . = ALIGN (0x4)
                0x08002e84                __exidx_start = .

.ARM.exidx
 *(.ARM.exidx* .gnu.linkonce.armexidx.*)
                0x08002e84                __exidx_end = .
                0x08002e84                . = ALIGN (0x4)
                0x08002e84                _etext = .
                0x08002e84                __etext = .

.data_CCMRAM    0x10000000        0x0 load address 0x08002e84
 FILL mask 0xff
 *(.data.CCMRAM .data.CCMRAM.*)
                0x10000000                . = ALIGN (0x4)
                0x08002e84                _sidata = LOADADDR (.data)

.data           0x20000000       0x90 load address 0x08002e84
 FILL mask 0xff
                0x20000000                _sdata = .
                0x20000000                __data_start__ = .
 *(.data_begin .data_begin.*)
 .data_begin    0x20000000        0x4 ./system/src/newlib/_startup.o
 *(.data .data.*)
 .data.argv.4062
                0x20000004        0x8 ./system/src/newlib/_syscalls.o
 .data.SystemCoreClock
                0x2000000c        0x4 ./system/src/cmsis/system_stm32f4xx.o
                0x2000000c                SystemCoreClock
 .data.KeepLoop
                0x20000010        0x1 ./src/main.o
                0x20000010                KeepLoop
 *fill*         0x20000011        0x3 
 .data.GPIO_PORT
                0x20000014       0x10 ./src/stm32f4_discovery.o
                0x20000014                GPIO_PORT
 .data.BUTTON_PORT
                0x20000024        0x4 ./src/stm32f4_discovery.o
                0x20000024                BUTTON_PORT
 .data.impure_data
                0x20000028       0x60 /usr/bin/../lib/gcc/arm-none-eabi/4.9.3/../../../../arm-none-eabi/lib/armv7e-m/libg_nano.a(lib_a-impure.o)
 .data._impure_ptr
                0x20000088        0x4 /usr/bin/../lib/gcc/arm-none-eabi/4.9.3/../../../../arm-none-eabi/lib/armv7e-m/libg_nano.a(lib_a-impure.o)
                0x20000088                _impure_ptr
 *(.data_end .data_end.*)
 .data_end      0x2000008c        0x4 ./system/src/newlib/_startup.o
                0x20000090                . = ALIGN (0x4)
                0x20000090                _edata = .
                0x20000090                __data_end__ = .

.igot.plt       0x20000090        0x0 load address 0x08002f14
 .igot.plt      0x00000000        0x0 ./system/src/stm32f4-hal/stm32f4xx_hal.o

.bss_CCMRAM     0x10000000        0x0
 *(.bss.CCMRAM .bss.CCMRAM.*)

.bss            0x20000090      0x138
                0x20000090                __bss_start__ = .
                0x20000090                _sbss = .
 *(.bss_begin .bss_begin.*)
 .bss_begin     0x20000090        0x4 ./system/src/newlib/_startup.o
 *(.bss .bss.*)
 .bss.uwTick    0x20000094        0x4 ./system/src/stm32f4-hal/stm32f4xx_hal.o
 .bss.current_heap_end.3856
                0x20000098        0x4 ./system/src/newlib/_sbrk.o
 .bss.name.4061
                0x2000009c        0x4 ./system/src/newlib/_syscalls.o
 .bss.buf.4992  0x200000a0       0x80 ./system/src/diag/Trace.o
 .bss.UartSlaveReady
                0x20000120        0x1 ./src/main.o
                0x20000120                UartSlaveReady
 .bss.UartMasterReady
                0x20000121        0x1 ./src/main.o
                0x20000121                UartMasterReady
 *fill*         0x20000122        0x2 
 .bss.__malloc_sbrk_start
                0x20000124        0x4 /usr/bin/../lib/gcc/arm-none-eabi/4.9.3/../../../../arm-none-eabi/lib/armv7e-m/libg_nano.a(lib_a-nano-mallocr.o)
                0x20000124                __malloc_sbrk_start
 .bss.__malloc_free_list
                0x20000128        0x4 /usr/bin/../lib/gcc/arm-none-eabi/4.9.3/../../../../arm-none-eabi/lib/armv7e-m/libg_nano.a(lib_a-nano-mallocr.o)
                0x20000128                __malloc_free_list
 *(COMMON)
 COMMON         0x2000012c        0x4 ./system/src/newlib/_syscalls.o
                0x2000012c                errno
 COMMON         0x20000130       0x91 ./src/main.o
                0x20000130                txSlaveBuffer
                0x20000134                UartMasterHandle
                0x20000174                txMasterBuffer
                0x20000178                UartSlaveHandle
                0x200001b8                rxSlaveBuffer
                0x200001bc                rxMasterBuffer
                0x200001c0                Debug
 *(.bss_end .bss_end.*)
 *fill*         0x200001c1        0x3 
 .bss_end       0x200001c4        0x4 ./system/src/newlib/_startup.o
                0x200001c8                . = ALIGN (0x4)
                0x200001c8                __bss_end__ = .
                0x200001c8                _ebss = .

.noinit_CCMRAM
 *(.noinit.CCMRAM .noinit.CCMRAM.*)

.noinit         0x200001c8        0x0
                0x200001c8                _noinit = .
 *(.noinit .noinit.*)
                0x200001c8                . = ALIGN (0x4)
                0x200001c8                _end_noinit = .
                0x200001c8                PROVIDE (end, _end_noinit)
                0x200001c8                PROVIDE (_end, _end_noinit)
                0x200001c8                PROVIDE (__end, _end_noinit)
                0x200001c8                PROVIDE (__end__, _end_noinit)

._check_stack   0x200001c8      0x100
                0x200002c8                . = (. + _Minimum_Stack_Size)
 *fill*         0x200001c8      0x100 

.b1text
 *(.b1text)
 *(.b1rodata)
 *(.b1rodata.*)

.eb0text
 *(.eb0text)
 *(.eb0rodata)
 *(.eb0rodata.*)

.eb1text
 *(.eb1text)
 *(.eb1rodata)
 *(.eb1rodata.*)

.eb2text
 *(.eb2text)
 *(.eb2rodata)
 *(.eb2rodata.*)

.eb3text
 *(.eb3text)
 *(.eb3rodata)
 *(.eb3rodata.*)

.stab
 *(.stab)

.stabstr
 *(.stabstr)

.stab.excl
 *(.stab.excl)

.stab.exclstr
 *(.stab.exclstr)

.stab.index
 *(.stab.index)

.stab.indexstr
 *(.stab.indexstr)

.comment        0x00000000       0x70
 *(.comment)
 .comment       0x00000000       0x70 ./system/src/stm32f4-hal/stm32f4xx_hal.o
                                 0x71 (size before relaxing)
 .comment       0x00000000       0x71 ./system/src/stm32f4-hal/stm32f4xx_hal_cortex.o
 .comment       0x00000000       0x71 ./system/src/stm32f4-hal/stm32f4xx_hal_gpio.o
 .comment       0x00000000       0x71 ./system/src/stm32f4-hal/stm32f4xx_hal_rcc.o
 .comment       0x00000000       0x71 ./system/src/stm32f4-hal/stm32f4xx_hal_uart.o
 .comment       0x00000000       0x71 ./system/src/newlib/_exit.o
 .comment       0x00000000       0x71 ./system/src/newlib/_sbrk.o
 .comment       0x00000000       0x71 ./system/src/newlib/_startup.o
 .comment       0x00000000       0x71 ./system/src/newlib/_syscalls.o
 .comment       0x00000000       0x71 ./system/src/newlib/assert.o
 .comment       0x00000000       0x71 ./system/src/diag/Trace.o
 .comment       0x00000000       0x71 ./system/src/diag/trace_impl.o
 .comment       0x00000000       0x71 ./system/src/cortexm/_initialize_hardware.o
 .comment       0x00000000       0x71 ./system/src/cortexm/exception_handlers.o
 .comment       0x00000000       0x71 ./system/src/cmsis/system_stm32f4xx.o
 .comment       0x00000000       0x71 ./system/src/cmsis/vectors_stm32f4xx.o
 .comment       0x00000000       0x71 ./src/_initialize_hardware.o
 .comment       0x00000000       0x71 ./src/main.o
 .comment       0x00000000       0x71 ./src/stm32f4_discovery.o
 .comment       0x00000000       0x71 ./src/stm32f4xx_hal_msp.o

.ARM.attributes
                0x00000000       0x33
 .ARM.attributes
                0x00000000       0x33 ./system/src/stm32f4-hal/stm32f4xx_hal.o
 .ARM.attributes
                0x00000033       0x33 ./system/src/stm32f4-hal/stm32f4xx_hal_cortex.o
 .ARM.attributes
                0x00000066       0x33 ./system/src/stm32f4-hal/stm32f4xx_hal_gpio.o
 .ARM.attributes
                0x00000099       0x33 ./system/src/stm32f4-hal/stm32f4xx_hal_rcc.o
 .ARM.attributes
                0x000000cc       0x33 ./system/src/stm32f4-hal/stm32f4xx_hal_uart.o
 .ARM.attributes
                0x000000ff       0x33 ./system/src/newlib/_exit.o
 .ARM.attributes
                0x00000132       0x33 ./system/src/newlib/_sbrk.o
 .ARM.attributes
                0x00000165       0x33 ./system/src/newlib/_startup.o
 .ARM.attributes
                0x00000198       0x33 ./system/src/newlib/_syscalls.o
 .ARM.attributes
                0x000001cb       0x33 ./system/src/newlib/assert.o
 .ARM.attributes
                0x000001fe       0x33 ./system/src/diag/Trace.o
 .ARM.attributes
                0x00000231       0x33 ./system/src/diag/trace_impl.o
 .ARM.attributes
                0x00000264       0x33 ./system/src/cortexm/_initialize_hardware.o
 .ARM.attributes
                0x00000297       0x33 ./system/src/cortexm/exception_handlers.o
 .ARM.attributes
                0x000002ca       0x33 ./system/src/cmsis/system_stm32f4xx.o
 .ARM.attributes
                0x000002fd       0x33 ./system/src/cmsis/vectors_stm32f4xx.o
 .ARM.attributes
                0x00000330       0x33 ./src/_initialize_hardware.o
 .ARM.attributes
                0x00000363       0x33 ./src/main.o
 .ARM.attributes
                0x00000396       0x33 ./src/stm32f4_discovery.o
 .ARM.attributes
                0x000003c9       0x33 ./src/stm32f4xx_hal_msp.o
 .ARM.attributes
                0x000003fc       0x2e /usr/bin/../lib/gcc/arm-none-eabi/4.9.3/../../../../arm-none-eabi/lib/armv7e-m/libg_nano.a(lib_a-errno.o)
 .ARM.attributes
                0x0000042a       0x2e /usr/bin/../lib/gcc/arm-none-eabi/4.9.3/../../../../arm-none-eabi/lib/armv7e-m/libg_nano.a(lib_a-impure.o)
 .ARM.attributes
                0x00000458       0x2e /usr/bin/../lib/gcc/arm-none-eabi/4.9.3/../../../../arm-none-eabi/lib/armv7e-m/libg_nano.a(lib_a-malloc.o)
 .ARM.attributes
                0x00000486       0x2e /usr/bin/../lib/gcc/arm-none-eabi/4.9.3/../../../../arm-none-eabi/lib/armv7e-m/libg_nano.a(lib_a-nano-freer.o)
 .ARM.attributes
                0x000004b4       0x2e /usr/bin/../lib/gcc/arm-none-eabi/4.9.3/../../../../arm-none-eabi/lib/armv7e-m/libg_nano.a(lib_a-nano-mallocr.o)
 .ARM.attributes
                0x000004e2       0x2e /usr/bin/../lib/gcc/arm-none-eabi/4.9.3/../../../../arm-none-eabi/lib/armv7e-m/libg_nano.a(lib_a-sbrkr.o)
 .ARM.attributes
                0x00000510       0x2e /usr/bin/../lib/gcc/arm-none-eabi/4.9.3/../../../../arm-none-eabi/lib/armv7e-m/libg_nano.a(lib_a-strlen.o)
 .ARM.attributes
                0x0000053e       0x2e /usr/bin/../lib/gcc/arm-none-eabi/4.9.3/../../../../arm-none-eabi/lib/armv7e-m/libg_nano.a(lib_a-vsnprintf.o)
 .ARM.attributes
                0x0000056c       0x2e /usr/bin/../lib/gcc/arm-none-eabi/4.9.3/../../../../arm-none-eabi/lib/armv7e-m/libg_nano.a(lib_a-nano-svfprintf.o)
 .ARM.attributes
                0x0000059a       0x2e /usr/bin/../lib/gcc/arm-none-eabi/4.9.3/../../../../arm-none-eabi/lib/armv7e-m/libg_nano.a(lib_a-nano-vfprintf_i.o)
 .ARM.attributes
                0x000005c8       0x2e /usr/bin/../lib/gcc/arm-none-eabi/4.9.3/../../../../arm-none-eabi/lib/armv7e-m/libg_nano.a(lib_a-memchr.o)
 .ARM.attributes
                0x000005f6       0x2e /usr/bin/../lib/gcc/arm-none-eabi/4.9.3/../../../../arm-none-eabi/lib/armv7e-m/libg_nano.a(lib_a-memcpy.o)
 .ARM.attributes
                0x00000624       0x2e /usr/bin/../lib/gcc/arm-none-eabi/4.9.3/../../../../arm-none-eabi/lib/armv7e-m/libg_nano.a(lib_a-memmove.o)
 .ARM.attributes
                0x00000652       0x2e /usr/bin/../lib/gcc/arm-none-eabi/4.9.3/../../../../arm-none-eabi/lib/armv7e-m/libg_nano.a(lib_a-nano-reallocr.o)
 .ARM.attributes
                0x00000680       0x2e /usr/bin/../lib/gcc/arm-none-eabi/4.9.3/../../../../arm-none-eabi/lib/armv7e-m/libg_nano.a(lib_a-nano-msizer.o)

.debug
 *(.debug)

.line
 *(.line)

.debug_srcinfo
 *(.debug_srcinfo)

.debug_sfnames
 *(.debug_sfnames)

.debug_aranges  0x00000000      0x740
 *(.debug_aranges)
 .debug_aranges
                0x00000000       0xc0 ./system/src/stm32f4-hal/stm32f4xx_hal.o
 .debug_aranges
                0x000000c0       0x90 ./system/src/stm32f4-hal/stm32f4xx_hal_cortex.o
 .debug_aranges
                0x00000150       0x58 ./system/src/stm32f4-hal/stm32f4xx_hal_gpio.o
 .debug_aranges
                0x000001a8       0x88 ./system/src/stm32f4-hal/stm32f4xx_hal_rcc.o
 .debug_aranges
                0x00000230      0x150 ./system/src/stm32f4-hal/stm32f4xx_hal_uart.o
 .debug_aranges
                0x00000380       0x28 ./system/src/newlib/_exit.o
 .debug_aranges
                0x000003a8       0x20 ./system/src/newlib/_sbrk.o
 .debug_aranges
                0x000003c8       0x40 ./system/src/newlib/_startup.o
 .debug_aranges
                0x00000408       0x30 ./system/src/newlib/_syscalls.o
 .debug_aranges
                0x00000438       0x28 ./system/src/newlib/assert.o
 .debug_aranges
                0x00000460       0x38 ./system/src/diag/Trace.o
 .debug_aranges
                0x00000498       0x30 ./system/src/diag/trace_impl.o
 .debug_aranges
                0x000004c8       0x28 ./system/src/cortexm/_initialize_hardware.o
 .debug_aranges
                0x000004f0       0x88 ./system/src/cortexm/exception_handlers.o
 .debug_aranges
                0x00000578       0x28 ./system/src/cmsis/system_stm32f4xx.o
 .debug_aranges
                0x000005a0       0x20 ./system/src/cmsis/vectors_stm32f4xx.o
 .debug_aranges
                0x000005c0       0x28 ./src/_initialize_hardware.o
 .debug_aranges
                0x000005e8       0x60 ./src/main.o
 .debug_aranges
                0x00000648       0xd0 ./src/stm32f4_discovery.o
 .debug_aranges
                0x00000718       0x28 ./src/stm32f4xx_hal_msp.o

.debug_pubnames
 *(.debug_pubnames)

.debug_info     0x00000000     0x9e9a
 *(.debug_info .gnu.linkonce.wi.*)
 .debug_info    0x00000000      0x997 ./system/src/stm32f4-hal/stm32f4xx_hal.o
 .debug_info    0x00000997      0xe1d ./system/src/stm32f4-hal/stm32f4xx_hal_cortex.o
 .debug_info    0x000017b4      0x830 ./system/src/stm32f4-hal/stm32f4xx_hal_gpio.o
 .debug_info    0x00001fe4     0x12a7 ./system/src/stm32f4-hal/stm32f4xx_hal_rcc.o
 .debug_info    0x0000328b     0x14c9 ./system/src/stm32f4-hal/stm32f4xx_hal_uart.o
 .debug_info    0x00004754      0x100 ./system/src/newlib/_exit.o
 .debug_info    0x00004854      0x125 ./system/src/newlib/_sbrk.o
 .debug_info    0x00004979      0x50f ./system/src/newlib/_startup.o
 .debug_info    0x00004e88      0x1a9 ./system/src/newlib/_syscalls.o
 .debug_info    0x00005031      0x1b0 ./system/src/newlib/assert.o
 .debug_info    0x000051e1      0x32b ./system/src/diag/Trace.o
 .debug_info    0x0000550c      0x3d2 ./system/src/diag/trace_impl.o
 .debug_info    0x000058de       0xdf ./system/src/cortexm/_initialize_hardware.o
 .debug_info    0x000059bd      0x7b0 ./system/src/cortexm/exception_handlers.o
 .debug_info    0x0000616d      0x486 ./system/src/cmsis/system_stm32f4xx.o
 .debug_info    0x000065f3       0xd1 ./system/src/cmsis/vectors_stm32f4xx.o
 .debug_info    0x000066c4      0x4b5 ./src/_initialize_hardware.o
 .debug_info    0x00006b79      0xf30 ./src/main.o
 .debug_info    0x00007aa9     0x1837 ./src/stm32f4_discovery.o
 .debug_info    0x000092e0      0xbba ./src/stm32f4xx_hal_msp.o

.debug_abbrev   0x00000000     0x209e
 *(.debug_abbrev)
 .debug_abbrev  0x00000000      0x275 ./system/src/stm32f4-hal/stm32f4xx_hal.o
 .debug_abbrev  0x00000275      0x2d7 ./system/src/stm32f4-hal/stm32f4xx_hal_cortex.o
 .debug_abbrev  0x0000054c      0x1fe ./system/src/stm32f4-hal/stm32f4xx_hal_gpio.o
 .debug_abbrev  0x0000074a      0x2c1 ./system/src/stm32f4-hal/stm32f4xx_hal_rcc.o
 .debug_abbrev  0x00000a0b      0x276 ./system/src/stm32f4-hal/stm32f4xx_hal_uart.o
 .debug_abbrev  0x00000c81       0xa4 ./system/src/newlib/_exit.o
 .debug_abbrev  0x00000d25       0xbb ./system/src/newlib/_sbrk.o
 .debug_abbrev  0x00000de0      0x211 ./system/src/newlib/_startup.o
 .debug_abbrev  0x00000ff1       0xe7 ./system/src/newlib/_syscalls.o
 .debug_abbrev  0x000010d8       0xc9 ./system/src/newlib/assert.o
 .debug_abbrev  0x000011a1      0x178 ./system/src/diag/Trace.o
 .debug_abbrev  0x00001319      0x188 ./system/src/diag/trace_impl.o
 .debug_abbrev  0x000014a1       0x88 ./system/src/cortexm/_initialize_hardware.o
 .debug_abbrev  0x00001529      0x1d6 ./system/src/cortexm/exception_handlers.o
 .debug_abbrev  0x000016ff      0x104 ./system/src/cmsis/system_stm32f4xx.o
 .debug_abbrev  0x00001803       0x9d ./system/src/cmsis/vectors_stm32f4xx.o
 .debug_abbrev  0x000018a0      0x17e ./src/_initialize_hardware.o
 .debug_abbrev  0x00001a1e      0x24e ./src/main.o
 .debug_abbrev  0x00001c6c      0x2a6 ./src/stm32f4_discovery.o
 .debug_abbrev  0x00001f12      0x18c ./src/stm32f4xx_hal_msp.o

.debug_line     0x00000000     0x842b
 *(.debug_line)
 .debug_line    0x00000000      0x875 ./system/src/stm32f4-hal/stm32f4xx_hal.o
 .debug_line    0x00000875      0x8c6 ./system/src/stm32f4-hal/stm32f4xx_hal_cortex.o
 .debug_line    0x0000113b      0x9cd ./system/src/stm32f4-hal/stm32f4xx_hal_gpio.o
 .debug_line    0x00001b08      0xbe0 ./system/src/stm32f4-hal/stm32f4xx_hal_rcc.o
 .debug_line    0x000026e8      0xf52 ./system/src/stm32f4-hal/stm32f4xx_hal_uart.o
 .debug_line    0x0000363a      0x1f1 ./system/src/newlib/_exit.o
 .debug_line    0x0000382b      0x194 ./system/src/newlib/_sbrk.o
 .debug_line    0x000039bf      0x264 ./system/src/newlib/_startup.o
 .debug_line    0x00003c23      0x26e ./system/src/newlib/_syscalls.o
 .debug_line    0x00003e91      0x228 ./system/src/newlib/assert.o
 .debug_line    0x000040b9      0x24c ./system/src/diag/Trace.o
 .debug_line    0x00004305      0x871 ./system/src/diag/trace_impl.o
 .debug_line    0x00004b76      0x70f ./system/src/cortexm/_initialize_hardware.o
 .debug_line    0x00005285      0x92c ./system/src/cortexm/exception_handlers.o
 .debug_line    0x00005bb1      0x710 ./system/src/cmsis/system_stm32f4xx.o
 .debug_line    0x000062c1       0xd3 ./system/src/cmsis/vectors_stm32f4xx.o
 .debug_line    0x00006394      0x704 ./src/_initialize_hardware.o
 .debug_line    0x00006a98      0x94c ./src/main.o
 .debug_line    0x000073e4      0x911 ./src/stm32f4_discovery.o
 .debug_line    0x00007cf5      0x736 ./src/stm32f4xx_hal_msp.o

.debug_frame    0x00000000     0x13dc
 *(.debug_frame)
 .debug_frame   0x00000000      0x188 ./system/src/stm32f4-hal/stm32f4xx_hal.o
 .debug_frame   0x00000188      0x164 ./system/src/stm32f4-hal/stm32f4xx_hal_cortex.o
 .debug_frame   0x000002ec       0xf4 ./system/src/stm32f4-hal/stm32f4xx_hal_gpio.o
 .debug_frame   0x000003e0      0x13c ./system/src/stm32f4-hal/stm32f4xx_hal_rcc.o
 .debug_frame   0x0000051c      0x390 ./system/src/stm32f4-hal/stm32f4xx_hal_uart.o
 .debug_frame   0x000008ac       0x38 ./system/src/newlib/_exit.o
 .debug_frame   0x000008e4       0x28 ./system/src/newlib/_sbrk.o
 .debug_frame   0x0000090c       0x7c ./system/src/newlib/_startup.o
 .debug_frame   0x00000988       0x50 ./system/src/newlib/_syscalls.o
 .debug_frame   0x000009d8       0x40 ./system/src/newlib/assert.o
 .debug_frame   0x00000a18       0x94 ./system/src/diag/Trace.o
 .debug_frame   0x00000aac       0x54 ./system/src/diag/trace_impl.o
 .debug_frame   0x00000b00       0x40 ./system/src/cortexm/_initialize_hardware.o
 .debug_frame   0x00000b40      0x144 ./system/src/cortexm/exception_handlers.o
 .debug_frame   0x00000c84       0x30 ./system/src/cmsis/system_stm32f4xx.o
 .debug_frame   0x00000cb4       0x20 ./system/src/cmsis/vectors_stm32f4xx.o
 .debug_frame   0x00000cd4       0x48 ./src/_initialize_hardware.o
 .debug_frame   0x00000d1c       0xec ./src/main.o
 .debug_frame   0x00000e08      0x28c ./src/stm32f4_discovery.o
 .debug_frame   0x00001094       0x4c ./src/stm32f4xx_hal_msp.o
 .debug_frame   0x000010e0       0x20 /usr/bin/../lib/gcc/arm-none-eabi/4.9.3/../../../../arm-none-eabi/lib/armv7e-m/libg_nano.a(lib_a-errno.o)
 .debug_frame   0x00001100       0x30 /usr/bin/../lib/gcc/arm-none-eabi/4.9.3/../../../../arm-none-eabi/lib/armv7e-m/libg_nano.a(lib_a-malloc.o)
 .debug_frame   0x00001130       0x2c /usr/bin/../lib/gcc/arm-none-eabi/4.9.3/../../../../arm-none-eabi/lib/armv7e-m/libg_nano.a(lib_a-nano-freer.o)
 .debug_frame   0x0000115c       0x2c /usr/bin/../lib/gcc/arm-none-eabi/4.9.3/../../../../arm-none-eabi/lib/armv7e-m/libg_nano.a(lib_a-nano-mallocr.o)
 .debug_frame   0x00001188       0x2c /usr/bin/../lib/gcc/arm-none-eabi/4.9.3/../../../../arm-none-eabi/lib/armv7e-m/libg_nano.a(lib_a-sbrkr.o)
 .debug_frame   0x000011b4       0x20 /usr/bin/../lib/gcc/arm-none-eabi/4.9.3/../../../../arm-none-eabi/lib/armv7e-m/libg_nano.a(lib_a-strlen.o)
 .debug_frame   0x000011d4       0x50 /usr/bin/../lib/gcc/arm-none-eabi/4.9.3/../../../../arm-none-eabi/lib/armv7e-m/libg_nano.a(lib_a-vsnprintf.o)
 .debug_frame   0x00001224       0x8c /usr/bin/../lib/gcc/arm-none-eabi/4.9.3/../../../../arm-none-eabi/lib/armv7e-m/libg_nano.a(lib_a-nano-svfprintf.o)
 .debug_frame   0x000012b0       0x58 /usr/bin/../lib/gcc/arm-none-eabi/4.9.3/../../../../arm-none-eabi/lib/armv7e-m/libg_nano.a(lib_a-nano-vfprintf_i.o)
 .debug_frame   0x00001308       0x28 /usr/bin/../lib/gcc/arm-none-eabi/4.9.3/../../../../arm-none-eabi/lib/armv7e-m/libg_nano.a(lib_a-memchr.o)
 .debug_frame   0x00001330       0x28 /usr/bin/../lib/gcc/arm-none-eabi/4.9.3/../../../../arm-none-eabi/lib/armv7e-m/libg_nano.a(lib_a-memcpy.o)
 .debug_frame   0x00001358       0x28 /usr/bin/../lib/gcc/arm-none-eabi/4.9.3/../../../../arm-none-eabi/lib/armv7e-m/libg_nano.a(lib_a-memmove.o)
 .debug_frame   0x00001380       0x3c /usr/bin/../lib/gcc/arm-none-eabi/4.9.3/../../../../arm-none-eabi/lib/armv7e-m/libg_nano.a(lib_a-nano-reallocr.o)
 .debug_frame   0x000013bc       0x20 /usr/bin/../lib/gcc/arm-none-eabi/4.9.3/../../../../arm-none-eabi/lib/armv7e-m/libg_nano.a(lib_a-nano-msizer.o)

.debug_str      0x00000000    0x9a8e0
 *(.debug_str)
 .debug_str     0x00000000    0x924a8 ./system/src/stm32f4-hal/stm32f4xx_hal.o
                              0x927dc (size before relaxing)
 .debug_str     0x000924a8      0x2a3 ./system/src/stm32f4-hal/stm32f4xx_hal_cortex.o
                              0x92538 (size before relaxing)
 .debug_str     0x0009274b      0x2d1 ./system/src/stm32f4-hal/stm32f4xx_hal_gpio.o
                              0x9204b (size before relaxing)
 .debug_str     0x00092a1c      0x41f ./system/src/stm32f4-hal/stm32f4xx_hal_rcc.o
                              0x92282 (size before relaxing)
 .debug_str     0x00092e3b      0x7b8 ./system/src/stm32f4-hal/stm32f4xx_hal_uart.o
                              0x924b4 (size before relaxing)
 .debug_str     0x000935f3     0x37ae ./system/src/newlib/_exit.o
                               0x5e21 (size before relaxing)
 .debug_str     0x00096da1      0x4de ./system/src/newlib/_sbrk.o
                               0x4593 (size before relaxing)
 .debug_str     0x0009727f      0x2cc ./system/src/newlib/_startup.o
                               0x41cf (size before relaxing)
 .debug_str     0x0009754b      0xc2d ./system/src/newlib/_syscalls.o
                               0x6046 (size before relaxing)
 .debug_str     0x00098178       0xd5 ./system/src/newlib/assert.o
                               0x6926 (size before relaxing)
 .debug_str     0x0009824d      0x9ac ./system/src/diag/Trace.o
                               0x6732 (size before relaxing)
 .debug_str     0x00098bf9       0xd2 ./system/src/diag/trace_impl.o
                              0x94855 (size before relaxing)
 .debug_str     0x00098ccb       0x4e ./system/src/cortexm/_initialize_hardware.o
                              0x91c8a (size before relaxing)
 .debug_str     0x00098d19      0x1be ./system/src/cortexm/exception_handlers.o
                              0x95581 (size before relaxing)
 .debug_str     0x00098ed7       0x46 ./system/src/cmsis/system_stm32f4xx.o
                              0x91de8 (size before relaxing)
 .debug_str     0x00098f1d       0x57 ./system/src/cmsis/vectors_stm32f4xx.o
                               0x3060 (size before relaxing)
 .debug_str     0x00098f74       0x35 ./src/_initialize_hardware.o
                              0x91ee5 (size before relaxing)
 .debug_str     0x00098fa9     0x125d ./src/main.o
                              0x97558 (size before relaxing)
 .debug_str     0x0009a206      0x6bf ./src/stm32f4_discovery.o
                              0x93a21 (size before relaxing)
 .debug_str     0x0009a8c5       0x1b ./src/stm32f4xx_hal_msp.o
                              0x937fa (size before relaxing)

.debug_loc      0x00000000     0x316b
 *(.debug_loc)
 .debug_loc     0x00000000       0xb6 ./system/src/stm32f4-hal/stm32f4xx_hal.o
 .debug_loc     0x000000b6      0x5ef ./system/src/stm32f4-hal/stm32f4xx_hal_cortex.o
 .debug_loc     0x000006a5      0x45e ./system/src/stm32f4-hal/stm32f4xx_hal_gpio.o
 .debug_loc     0x00000b03      0x7c8 ./system/src/stm32f4-hal/stm32f4xx_hal_rcc.o
 .debug_loc     0x000012cb      0xfd9 ./system/src/stm32f4-hal/stm32f4xx_hal_uart.o
 .debug_loc     0x000022a4       0x82 ./system/src/newlib/_sbrk.o
 .debug_loc     0x00002326      0x36e ./system/src/newlib/_startup.o
 .debug_loc     0x00002694       0x63 ./system/src/newlib/_syscalls.o
 .debug_loc     0x000026f7       0xec ./system/src/newlib/assert.o
 .debug_loc     0x000027e3       0xf7 ./system/src/diag/Trace.o
 .debug_loc     0x000028da       0x97 ./system/src/diag/trace_impl.o
 .debug_loc     0x00002971      0x184 ./system/src/cortexm/exception_handlers.o
 .debug_loc     0x00002af5      0x137 ./system/src/cmsis/system_stm32f4xx.o
 .debug_loc     0x00002c2c       0x9d ./src/main.o
 .debug_loc     0x00002cc9      0x42e ./src/stm32f4_discovery.o
 .debug_loc     0x000030f7       0x74 ./src/stm32f4xx_hal_msp.o

.debug_macinfo
 *(.debug_macinfo)

.debug_weaknames
 *(.debug_weaknames)

.debug_funcnames
 *(.debug_funcnames)

.debug_typenames
 *(.debug_typenames)

.debug_varnames
 *(.debug_varnames)
OUTPUT(USART_OnBoard.elf elf32-littlearm)

.debug_ranges   0x00000000      0x600
 .debug_ranges  0x00000000       0xb0 ./system/src/stm32f4-hal/stm32f4xx_hal.o
 .debug_ranges  0x000000b0       0x80 ./system/src/stm32f4-hal/stm32f4xx_hal_cortex.o
 .debug_ranges  0x00000130       0x48 ./system/src/stm32f4-hal/stm32f4xx_hal_gpio.o
 .debug_ranges  0x00000178       0x78 ./system/src/stm32f4-hal/stm32f4xx_hal_rcc.o
 .debug_ranges  0x000001f0      0x140 ./system/src/stm32f4-hal/stm32f4xx_hal_uart.o
 .debug_ranges  0x00000330       0x18 ./system/src/newlib/_exit.o
 .debug_ranges  0x00000348       0x10 ./system/src/newlib/_sbrk.o
 .debug_ranges  0x00000358       0x30 ./system/src/newlib/_startup.o
 .debug_ranges  0x00000388       0x20 ./system/src/newlib/_syscalls.o
 .debug_ranges  0x000003a8       0x18 ./system/src/newlib/assert.o
 .debug_ranges  0x000003c0       0x28 ./system/src/diag/Trace.o
 .debug_ranges  0x000003e8       0x20 ./system/src/diag/trace_impl.o
 .debug_ranges  0x00000408       0x18 ./system/src/cortexm/_initialize_hardware.o
 .debug_ranges  0x00000420       0x78 ./system/src/cortexm/exception_handlers.o
 .debug_ranges  0x00000498       0x18 ./system/src/cmsis/system_stm32f4xx.o
 .debug_ranges  0x000004b0       0x10 ./system/src/cmsis/vectors_stm32f4xx.o
 .debug_ranges  0x000004c0       0x18 ./src/_initialize_hardware.o
 .debug_ranges  0x000004d8       0x50 ./src/main.o
 .debug_ranges  0x00000528       0xc0 ./src/stm32f4_discovery.o
 .debug_ranges  0x000005e8       0x18 ./src/stm32f4xx_hal_msp.o

.debug_macro    0x00000000    0x19380
 .debug_macro   0x00000000      0x36e ./system/src/stm32f4-hal/stm32f4xx_hal.o
 .debug_macro   0x0000036e      0x898 ./system/src/stm32f4-hal/stm32f4xx_hal.o
 .debug_macro   0x00000c06      0x250 ./system/src/stm32f4-hal/stm32f4xx_hal.o
 .debug_macro   0x00000e56       0x2e ./system/src/stm32f4-hal/stm32f4xx_hal.o
 .debug_macro   0x00000e84       0x28 ./system/src/stm32f4-hal/stm32f4xx_hal.o
 .debug_macro   0x00000eac       0x3b ./system/src/stm32f4-hal/stm32f4xx_hal.o
 .debug_macro   0x00000ee7      0x34e ./system/src/stm32f4-hal/stm32f4xx_hal.o
 .debug_macro   0x00001235       0x2d ./system/src/stm32f4-hal/stm32f4xx_hal.o
 .debug_macro   0x00001262       0x26 ./system/src/stm32f4-hal/stm32f4xx_hal.o
 .debug_macro   0x00001288      0xd39 ./system/src/stm32f4-hal/stm32f4xx_hal.o
 .debug_macro   0x00001fc1     0x9201 ./system/src/stm32f4-hal/stm32f4xx_hal.o
 .debug_macro   0x0000b1c2       0x43 ./system/src/stm32f4-hal/stm32f4xx_hal.o
 .debug_macro   0x0000b205     0x2694 ./system/src/stm32f4-hal/stm32f4xx_hal.o
 .debug_macro   0x0000d899       0x64 ./system/src/stm32f4-hal/stm32f4xx_hal.o
 .debug_macro   0x0000d8fd      0xa22 ./system/src/stm32f4-hal/stm32f4xx_hal.o
 .debug_macro   0x0000e31f      0x40f ./system/src/stm32f4-hal/stm32f4xx_hal.o
 .debug_macro   0x0000e72e      0x15b ./system/src/stm32f4-hal/stm32f4xx_hal.o
 .debug_macro   0x0000e889      0x11e ./system/src/stm32f4-hal/stm32f4xx_hal.o
 .debug_macro   0x0000e9a7      0x13e ./system/src/stm32f4-hal/stm32f4xx_hal.o
 .debug_macro   0x0000eae5       0x27 ./system/src/stm32f4-hal/stm32f4xx_hal.o
 .debug_macro   0x0000eb0c      0x272 ./system/src/stm32f4-hal/stm32f4xx_hal.o
 .debug_macro   0x0000ed7e       0x5f ./system/src/stm32f4-hal/stm32f4xx_hal.o
 .debug_macro   0x0000eddd       0x5d ./system/src/stm32f4-hal/stm32f4xx_hal.o
 .debug_macro   0x0000ee3a      0x313 ./system/src/stm32f4-hal/stm32f4xx_hal.o
 .debug_macro   0x0000f14d      0x154 ./system/src/stm32f4-hal/stm32f4xx_hal.o
 .debug_macro   0x0000f2a1       0xcf ./system/src/stm32f4-hal/stm32f4xx_hal.o
 .debug_macro   0x0000f370      0x360 ./system/src/stm32f4-hal/stm32f4xx_hal.o
 .debug_macro   0x0000f6d0       0x23 ./system/src/stm32f4-hal/stm32f4xx_hal.o
 .debug_macro   0x0000f6f3       0xdf ./system/src/stm32f4-hal/stm32f4xx_hal.o
 .debug_macro   0x0000f7d2       0xcd ./system/src/stm32f4-hal/stm32f4xx_hal.o
 .debug_macro   0x0000f89f       0x3c ./system/src/stm32f4-hal/stm32f4xx_hal.o
 .debug_macro   0x0000f8db      0x1b5 ./system/src/stm32f4-hal/stm32f4xx_hal.o
 .debug_macro   0x0000fa90      0xda8 ./system/src/stm32f4-hal/stm32f4xx_hal.o
 .debug_macro   0x00010838      0x133 ./system/src/stm32f4-hal/stm32f4xx_hal.o
 .debug_macro   0x0001096b      0x217 ./system/src/stm32f4-hal/stm32f4xx_hal.o
 .debug_macro   0x00010b82       0x2e ./system/src/stm32f4-hal/stm32f4xx_hal.o
 .debug_macro   0x00010bb0      0x4ef ./system/src/stm32f4-hal/stm32f4xx_hal.o
 .debug_macro   0x0001109f       0x88 ./system/src/stm32f4-hal/stm32f4xx_hal.o
 .debug_macro   0x00011127       0xd5 ./system/src/stm32f4-hal/stm32f4xx_hal.o
 .debug_macro   0x000111fc      0x17c ./system/src/stm32f4-hal/stm32f4xx_hal.o
 .debug_macro   0x00011378      0x17d ./system/src/stm32f4-hal/stm32f4xx_hal.o
 .debug_macro   0x000114f5       0x9e ./system/src/stm32f4-hal/stm32f4xx_hal.o
 .debug_macro   0x00011593      0x199 ./system/src/stm32f4-hal/stm32f4xx_hal.o
 .debug_macro   0x0001172c       0x43 ./system/src/stm32f4-hal/stm32f4xx_hal.o
 .debug_macro   0x0001176f       0x97 ./system/src/stm32f4-hal/stm32f4xx_hal.o
 .debug_macro   0x00011806      0x13a ./system/src/stm32f4-hal/stm32f4xx_hal.o
 .debug_macro   0x00011940       0x5e ./system/src/stm32f4-hal/stm32f4xx_hal.o
 .debug_macro   0x0001199e       0x97 ./system/src/stm32f4-hal/stm32f4xx_hal.o
 .debug_macro   0x00011a35       0x7c ./system/src/stm32f4-hal/stm32f4xx_hal.o
 .debug_macro   0x00011ab1      0x31a ./system/src/stm32f4-hal/stm32f4xx_hal.o
 .debug_macro   0x00011dcb      0x409 ./system/src/stm32f4-hal/stm32f4xx_hal.o
 .debug_macro   0x000121d4       0xe4 ./system/src/stm32f4-hal/stm32f4xx_hal.o
 .debug_macro   0x000122b8      0x48d ./system/src/stm32f4-hal/stm32f4xx_hal.o
 .debug_macro   0x00012745      0x22b ./system/src/stm32f4-hal/stm32f4xx_hal.o
 .debug_macro   0x00012970      0x202 ./system/src/stm32f4-hal/stm32f4xx_hal.o
 .debug_macro   0x00012b72      0x6d9 ./system/src/stm32f4-hal/stm32f4xx_hal.o
 .debug_macro   0x0001324b       0x59 ./system/src/stm32f4-hal/stm32f4xx_hal.o
 .debug_macro   0x000132a4      0x14d ./system/src/stm32f4-hal/stm32f4xx_hal.o
 .debug_macro   0x000133f1      0x287 ./system/src/stm32f4-hal/stm32f4xx_hal.o
 .debug_macro   0x00013678      0x225 ./system/src/stm32f4-hal/stm32f4xx_hal.o
 .debug_macro   0x0001389d      0x1b5 ./system/src/stm32f4-hal/stm32f4xx_hal.o
 .debug_macro   0x00013a52      0x2f7 ./system/src/stm32f4-hal/stm32f4xx_hal.o
 .debug_macro   0x00013d49       0x94 ./system/src/stm32f4-hal/stm32f4xx_hal.o
 .debug_macro   0x00013ddd      0x1df ./system/src/stm32f4-hal/stm32f4xx_hal.o
 .debug_macro   0x00013fbc      0x109 ./system/src/stm32f4-hal/stm32f4xx_hal.o
 .debug_macro   0x000140c5       0x75 ./system/src/stm32f4-hal/stm32f4xx_hal.o
 .debug_macro   0x0001413a      0x126 ./system/src/stm32f4-hal/stm32f4xx_hal.o
 .debug_macro   0x00014260      0x320 ./system/src/stm32f4-hal/stm32f4xx_hal_cortex.o
 .debug_macro   0x00014580      0x358 ./system/src/stm32f4-hal/stm32f4xx_hal_gpio.o
 .debug_macro   0x000148d8      0x362 ./system/src/stm32f4-hal/stm32f4xx_hal_rcc.o
 .debug_macro   0x00014c3a      0x328 ./system/src/stm32f4-hal/stm32f4xx_hal_uart.o
 .debug_macro   0x00014f62      0x128 ./system/src/newlib/_exit.o
 .debug_macro   0x0001508a       0x9c ./system/src/newlib/_exit.o
 .debug_macro   0x00015126      0x10e ./system/src/newlib/_exit.o
 .debug_macro   0x00015234       0x86 ./system/src/newlib/_exit.o
 .debug_macro   0x000152ba       0x43 ./system/src/newlib/_exit.o
 .debug_macro   0x000152fd      0x27a ./system/src/newlib/_exit.o
 .debug_macro   0x00015577       0x35 ./system/src/newlib/_exit.o
 .debug_macro   0x000155ac       0xd1 ./system/src/newlib/_sbrk.o
 .debug_macro   0x0001567d       0x19 ./system/src/newlib/_sbrk.o
 .debug_macro   0x00015696      0x16d ./system/src/newlib/_sbrk.o
 .debug_macro   0x00015803       0x10 ./system/src/newlib/_sbrk.o
 .debug_macro   0x00015813      0x23b ./system/src/newlib/_sbrk.o
 .debug_macro   0x00015a4e       0xdb ./system/src/newlib/_startup.o
 .debug_macro   0x00015b29      0x89e ./system/src/newlib/_startup.o
 .debug_macro   0x000163c7      0x17c ./system/src/newlib/_syscalls.o
 .debug_macro   0x00016543       0x1c ./system/src/newlib/_syscalls.o
 .debug_macro   0x0001655f       0x10 ./system/src/newlib/_syscalls.o
 .debug_macro   0x0001656f       0x10 ./system/src/newlib/_syscalls.o
 .debug_macro   0x0001657f       0x10 ./system/src/newlib/_syscalls.o
 .debug_macro   0x0001658f       0x35 ./system/src/newlib/_syscalls.o
 .debug_macro   0x000165c4      0x121 ./system/src/newlib/_syscalls.o
 .debug_macro   0x000166e5       0x22 ./system/src/newlib/_syscalls.o
 .debug_macro   0x00016707       0x2b ./system/src/newlib/_syscalls.o
 .debug_macro   0x00016732      0x118 ./system/src/newlib/_syscalls.o
 .debug_macro   0x0001684a      0x13e ./system/src/newlib/_syscalls.o
 .debug_macro   0x00016988       0x16 ./system/src/newlib/_syscalls.o
 .debug_macro   0x0001699e      0x144 ./system/src/newlib/assert.o
 .debug_macro   0x00016ae2       0x1c ./system/src/newlib/assert.o
 .debug_macro   0x00016afe      0x14f ./system/src/diag/Trace.o
 .debug_macro   0x00016c4d       0x16 ./system/src/diag/Trace.o
 .debug_macro   0x00016c63       0x97 ./system/src/diag/Trace.o
 .debug_macro   0x00016cfa       0xf6 ./system/src/diag/Trace.o
 .debug_macro   0x00016df0       0x10 ./system/src/diag/Trace.o
 .debug_macro   0x00016e00       0x16 ./system/src/diag/Trace.o
 .debug_macro   0x00016e16      0x196 ./system/src/diag/Trace.o
 .debug_macro   0x00016fac       0x52 ./system/src/diag/Trace.o
 .debug_macro   0x00016ffe       0x16 ./system/src/diag/Trace.o
 .debug_macro   0x00017014      0x409 ./system/src/diag/trace_impl.o
 .debug_macro   0x0001741d       0x10 ./system/src/diag/trace_impl.o
 .debug_macro   0x0001742d       0xc8 ./system/src/diag/trace_impl.o
 .debug_macro   0x000174f5       0xbe ./system/src/diag/trace_impl.o
 .debug_macro   0x000175b3      0x32a ./system/src/cortexm/_initialize_hardware.o
 .debug_macro   0x000178dd      0x449 ./system/src/cortexm/exception_handlers.o
 .debug_macro   0x00017d26       0x22 ./system/src/cortexm/exception_handlers.o
 .debug_macro   0x00017d48       0x10 ./system/src/cortexm/exception_handlers.o
 .debug_macro   0x00017d58      0x326 ./system/src/cmsis/system_stm32f4xx.o
 .debug_macro   0x0001807e       0x2e ./system/src/cmsis/vectors_stm32f4xx.o
 .debug_macro   0x000180ac      0x320 ./src/_initialize_hardware.o
 .debug_macro   0x000183cc      0x456 ./src/main.o
 .debug_macro   0x00018822       0x57 ./src/main.o
 .debug_macro   0x00018879      0x1e8 ./src/main.o
 .debug_macro   0x00018a61       0xb8 ./src/main.o
 .debug_macro   0x00018b19      0x34d ./src/stm32f4_discovery.o
 .debug_macro   0x00018e66      0x1e2 ./src/stm32f4_discovery.o
 .debug_macro   0x00019048      0x338 ./src/stm32f4xx_hal_msp.o
