Archive member included because of file (symbol)

/usr/bin/../lib/gcc/arm-none-eabi/4.9.3/../../../../arm-none-eabi/lib/armv7e-m/softfp/libg_nano.a(lib_a-errno.o)
                              ./system/src/newlib/_sbrk.o (__errno)
/usr/bin/../lib/gcc/arm-none-eabi/4.9.3/../../../../arm-none-eabi/lib/armv7e-m/softfp/libg_nano.a(lib_a-impure.o)
                              /usr/bin/../lib/gcc/arm-none-eabi/4.9.3/../../../../arm-none-eabi/lib/armv7e-m/softfp/libg_nano.a(lib_a-errno.o) (_impure_ptr)
/usr/bin/../lib/gcc/arm-none-eabi/4.9.3/../../../../arm-none-eabi/lib/armv7e-m/softfp/libg_nano.a(lib_a-malloc.o)
                              ./src/usb/MSC/Src/usbh_msc.o (malloc)
/usr/bin/../lib/gcc/arm-none-eabi/4.9.3/../../../../arm-none-eabi/lib/armv7e-m/softfp/libg_nano.a(lib_a-memcpy.o)
                              ./src/usb/MSC/Src/usbh_msc.o (memcpy)
/usr/bin/../lib/gcc/arm-none-eabi/4.9.3/../../../../arm-none-eabi/lib/armv7e-m/softfp/libg_nano.a(lib_a-memset.o)
                              ./src/usb/MSC/Src/usbh_msc.o (memset)
/usr/bin/../lib/gcc/arm-none-eabi/4.9.3/../../../../arm-none-eabi/lib/armv7e-m/softfp/libg_nano.a(lib_a-nano-freer.o)
                              /usr/bin/../lib/gcc/arm-none-eabi/4.9.3/../../../../arm-none-eabi/lib/armv7e-m/softfp/libg_nano.a(lib_a-malloc.o) (_free_r)
/usr/bin/../lib/gcc/arm-none-eabi/4.9.3/../../../../arm-none-eabi/lib/armv7e-m/softfp/libg_nano.a(lib_a-nano-mallocr.o)
                              /usr/bin/../lib/gcc/arm-none-eabi/4.9.3/../../../../arm-none-eabi/lib/armv7e-m/softfp/libg_nano.a(lib_a-malloc.o) (_malloc_r)
/usr/bin/../lib/gcc/arm-none-eabi/4.9.3/../../../../arm-none-eabi/lib/armv7e-m/softfp/libg_nano.a(lib_a-sbrkr.o)
                              /usr/bin/../lib/gcc/arm-none-eabi/4.9.3/../../../../arm-none-eabi/lib/armv7e-m/softfp/libg_nano.a(lib_a-nano-mallocr.o) (_sbrk_r)
/usr/bin/../lib/gcc/arm-none-eabi/4.9.3/../../../../arm-none-eabi/lib/armv7e-m/softfp/libg_nano.a(lib_a-strcat.o)
                              ./src/EventLogger/Src/EventLogger.o (strcat)
/usr/bin/../lib/gcc/arm-none-eabi/4.9.3/../../../../arm-none-eabi/lib/armv7e-m/softfp/libg_nano.a(lib_a-strcpy.o)
                              ./src/EventLogger/Src/EventLogger.o (strcpy)
/usr/bin/../lib/gcc/arm-none-eabi/4.9.3/../../../../arm-none-eabi/lib/armv7e-m/softfp/libg_nano.a(lib_a-strlen.o)
                              ./system/src/diag/Trace.o (strlen)
/usr/bin/../lib/gcc/arm-none-eabi/4.9.3/../../../../arm-none-eabi/lib/armv7e-m/softfp/libg_nano.a(lib_a-vsnprintf.o)
                              ./system/src/diag/Trace.o (vsnprintf)
/usr/bin/../lib/gcc/arm-none-eabi/4.9.3/../../../../arm-none-eabi/lib/armv7e-m/softfp/libg_nano.a(lib_a-nano-svfprintf.o)
                              /usr/bin/../lib/gcc/arm-none-eabi/4.9.3/../../../../arm-none-eabi/lib/armv7e-m/softfp/libg_nano.a(lib_a-vsnprintf.o) (_svfprintf_r)
/usr/bin/../lib/gcc/arm-none-eabi/4.9.3/../../../../arm-none-eabi/lib/armv7e-m/softfp/libg_nano.a(lib_a-nano-vfprintf_i.o)
                              /usr/bin/../lib/gcc/arm-none-eabi/4.9.3/../../../../arm-none-eabi/lib/armv7e-m/softfp/libg_nano.a(lib_a-nano-svfprintf.o) (_printf_i)
/usr/bin/../lib/gcc/arm-none-eabi/4.9.3/../../../../arm-none-eabi/lib/armv7e-m/softfp/libg_nano.a(lib_a-memchr.o)
                              /usr/bin/../lib/gcc/arm-none-eabi/4.9.3/../../../../arm-none-eabi/lib/armv7e-m/softfp/libg_nano.a(lib_a-nano-svfprintf.o) (memchr)
/usr/bin/../lib/gcc/arm-none-eabi/4.9.3/../../../../arm-none-eabi/lib/armv7e-m/softfp/libg_nano.a(lib_a-memmove.o)
                              /usr/bin/../lib/gcc/arm-none-eabi/4.9.3/../../../../arm-none-eabi/lib/armv7e-m/softfp/libg_nano.a(lib_a-nano-svfprintf.o) (memmove)
/usr/bin/../lib/gcc/arm-none-eabi/4.9.3/../../../../arm-none-eabi/lib/armv7e-m/softfp/libg_nano.a(lib_a-nano-reallocr.o)
                              /usr/bin/../lib/gcc/arm-none-eabi/4.9.3/../../../../arm-none-eabi/lib/armv7e-m/softfp/libg_nano.a(lib_a-nano-svfprintf.o) (_realloc_r)
/usr/bin/../lib/gcc/arm-none-eabi/4.9.3/../../../../arm-none-eabi/lib/armv7e-m/softfp/libg_nano.a(lib_a-nano-msizer.o)
                              /usr/bin/../lib/gcc/arm-none-eabi/4.9.3/../../../../arm-none-eabi/lib/armv7e-m/softfp/libg_nano.a(lib_a-nano-reallocr.o) (_malloc_usable_size_r)

Allocating common symbols
Common symbol       size              file

Log_Mutex           0x4               ./src/EventLogger/Src/EventLogger.o
USBH_fatfs          0x230             ./src/fat/src/file_operations.o
errno               0x4               ./system/src/newlib/_syscalls.o
bytesWritten        0x4               ./src/fat/src/file_operations.o
xQueueRegistry      0x40              ./src/FreeRTOS/Source/queue.o
pFlash              0x20              ./system/src/stm32f4-hal/stm32f4xx_hal_flash.o
USBDISKPath         0x4               ./src/EventLogger/Src/EventLogger_conf.o
FlashUSBID          0x4               ./src/EventLogger/Src/EventLogger_conf.o
[...]
Memory Configuration

Name             Origin             Length             Attributes
RAM              0x20000000         0x00020000         xrw
CCMRAM           0x10000000         0x00010000         xrw
FLASH            0x08000000         0x000e0000         xr
DATA_FLASH       0x08040000         0x00020000         xrw
FLASHB1          0x00000000         0x00000000         xr
EXTMEMB0         0x00000000         0x00000000         xr
EXTMEMB1         0x00000000         0x00000000         xr
EXTMEMB2         0x00000000         0x00000000         xr
EXTMEMB3         0x00000000         0x00000000         xr
MEMORY_ARRAY     0x20002000         0x00000020         xrw
*default*        0x00000000         0xffffffff

Linker script and memory map

LOAD ./system/src/stm32f4-hal/stm32f4xx_hal.o
LOAD ./system/src/stm32f4-hal/stm32f4xx_hal_cortex.o
LOAD ./system/src/stm32f4-hal/stm32f4xx_hal_flash.o
LOAD ./system/src/stm32f4-hal/stm32f4xx_hal_flash_ex.o
LOAD ./system/src/stm32f4-hal/stm32f4xx_hal_flash_ramfunc.o
LOAD ./system/src/stm32f4-hal/stm32f4xx_hal_gpio.o
LOAD ./system/src/stm32f4-hal/stm32f4xx_hal_hcd.o
LOAD ./system/src/stm32f4-hal/stm32f4xx_hal_iwdg.o
LOAD ./system/src/stm32f4-hal/stm32f4xx_hal_pcd_ex.o
LOAD ./system/src/stm32f4-hal/stm32f4xx_hal_pwr.o
LOAD ./system/src/stm32f4-hal/stm32f4xx_hal_pwr_ex.o
LOAD ./system/src/stm32f4-hal/stm32f4xx_hal_rcc.o
LOAD ./system/src/stm32f4-hal/stm32f4xx_hal_rcc_ex.o
LOAD ./system/src/stm32f4-hal/stm32f4xx_ll_usb.o
LOAD ./system/src/newlib/_cxx.o
LOAD ./system/src/newlib/_exit.o
LOAD ./system/src/newlib/_sbrk.o
LOAD ./system/src/newlib/_startup.o
LOAD ./system/src/newlib/_syscalls.o
LOAD ./system/src/newlib/assert.o
LOAD ./system/src/diag/Trace.o
LOAD ./system/src/diag/trace_impl.o
LOAD ./system/src/cortexm/_initialize_hardware.o
LOAD ./system/src/cortexm/_reset_hardware.o
LOAD ./system/src/cortexm/exception_handlers.o
LOAD ./system/src/cmsis/system_stm32f4xx.o
LOAD ./system/src/cmsis/vectors_stm32f4xx.o
LOAD ./src/usb/MSC/Src/usbh_msc.o
LOAD ./src/usb/MSC/Src/usbh_msc_bot.o
LOAD ./src/usb/MSC/Src/usbh_msc_scsi.o
LOAD ./src/usb/Core/Src/usbh_conf.o
LOAD ./src/usb/Core/Src/usbh_core.o
LOAD ./src/usb/Core/Src/usbh_ctlreq.o
LOAD ./src/usb/Core/Src/usbh_ioreq.o
LOAD ./src/usb/Core/Src/usbh_pipes.o
LOAD ./src/fat/src/diskio.o
LOAD ./src/fat/src/ff.o
LOAD ./src/fat/src/ff_gen_drv.o
LOAD ./src/fat/src/file_operations.o
LOAD ./src/fat/src/usbh_diskio.o
LOAD ./src/Sys_Timer/Src/clock.o
LOAD ./src/FreeRTOS/Source/portable/MemMang/heap_4.o
LOAD ./src/FreeRTOS/Source/portable/GCC/ARM_CM4F/port.o
LOAD ./src/FreeRTOS/Source/CMSIS_RTOS/cmsis_os.o
LOAD ./src/FreeRTOS/Source/croutine.o
LOAD ./src/FreeRTOS/Source/event_groups.o
LOAD ./src/FreeRTOS/Source/list.o
LOAD ./src/FreeRTOS/Source/queue.o
LOAD ./src/FreeRTOS/Source/tasks.o
LOAD ./src/FreeRTOS/Source/timers.o
LOAD ./src/EventLogger/Src/EventLogger.o
LOAD ./src/EventLogger/Src/EventLogger_conf.o
LOAD ./src/_initialize_hardware.o
LOAD ./src/_write.o
LOAD ./src/main.o
LOAD ./src/stm32f4_discovery.o
LOAD ./src/stm32f4xx_it.o
LOAD /usr/bin/../lib/gcc/arm-none-eabi/4.9.3/../../../../arm-none-eabi/lib/armv7e-m/softfp/libstdc++_nano.a
LOAD /usr/bin/../lib/gcc/arm-none-eabi/4.9.3/../../../../arm-none-eabi/lib/armv7e-m/softfp/libm.a
START GROUP
LOAD /usr/bin/../lib/gcc/arm-none-eabi/4.9.3/armv7e-m/softfp/libgcc.a
LOAD /usr/bin/../lib/gcc/arm-none-eabi/4.9.3/../../../../arm-none-eabi/lib/armv7e-m/softfp/libg_nano.a
LOAD /usr/bin/../lib/gcc/arm-none-eabi/4.9.3/../../../../arm-none-eabi/lib/armv7e-m/softfp/libc_nano.a
END GROUP
START GROUP
LOAD /usr/bin/../lib/gcc/arm-none-eabi/4.9.3/armv7e-m/softfp/libgcc.a
LOAD /usr/bin/../lib/gcc/arm-none-eabi/4.9.3/../../../../arm-none-eabi/lib/armv7e-m/softfp/libc_nano.a
END GROUP

.user_data      0x08040000    0x1f400
                0x08040000                . = ALIGN (0x4)
 *(.user_data)
 .user_data     0x08040000    0x1f400 ./src/EventLogger/Src/EventLogger_conf.o
                0x08040000                Log_Memory
                0x0805f400                . = ALIGN (0x4)
                0x20020000                __stack = (ORIGIN (RAM) + 0x20000)
                0x20020000                _estack = __stack
                0x00000400                __Main_Stack_Size = 0x400
                0x00000400                PROVIDE (_Main_Stack_Size, __Main_Stack_Size)
                0x2001fc00                __Main_Stack_Limit = (__stack - __Main_Stack_Size)
                0x2001fc00                PROVIDE (_Main_Stack_Limit, __Main_Stack_Limit)
                0x00000100                _Minimum_Stack_Size = 0x100
                0x20004a5c                PROVIDE (_Heap_Begin, _end_noinit)
                0x2001fc00                PROVIDE (_Heap_Limit, (__stack - __Main_Stack_Size))

.isr_vector     0x08000000      0x3c0
 FILL mask 0xff
                0x08000000                __vectors_start__ = ABSOLUTE (.)
 *(.isr_vector)
 .isr_vector    0x08000000      0x188 ./system/src/cmsis/vectors_stm32f4xx.o
                0x08000000                __isr_vectors
 *(.cfmconfig)
 *(.after_vectors .after_vectors.*)
 .after_vectors
                0x08000188      0x130 ./system/src/newlib/_startup.o
                0x08000188                _start
 .after_vectors
                0x080002b8      0x104 ./system/src/cortexm/exception_handlers.o
                0x080002b8                Reset_Handler
                0x080002d8                HardFault_Handler_C
                0x08000324                BusFault_Handler_C
                0x0800036c                UsageFault_Handler_C
 .after_vectors
                0x080003bc        0x4 ./system/src/cmsis/vectors_stm32f4xx.o
                0x080003bc                RTC_Alarm_IRQHandler
                0x080003bc                HASH_RNG_IRQHandler
                0x080003bc                EXTI2_IRQHandler
                0x080003bc                TIM8_CC_IRQHandler
                0x080003bc                TIM1_CC_IRQHandler
                0x080003bc                DMA2_Stream5_IRQHandler
                0x080003bc                DMA1_Stream5_IRQHandler
                0x080003bc                PVD_IRQHandler
                0x080003bc                SDIO_IRQHandler
                0x080003bc                TAMP_STAMP_IRQHandler
                0x080003bc                CAN2_RX1_IRQHandler
                0x080003bc                EXTI3_IRQHandler
                0x080003bc                TIM8_TRG_COM_TIM14_IRQHandler
                0x080003bc                TIM1_UP_TIM10_IRQHandler
                0x080003bc                TIM8_UP_TIM13_IRQHandler
                0x080003bc                I2C3_ER_IRQHandler
                0x080003bc                I2C2_EV_IRQHandler
                0x080003bc                DMA1_Stream2_IRQHandler
                0x080003bc                CAN1_RX0_IRQHandler
                0x080003bc                FPU_IRQHandler
                0x080003bc                OTG_HS_WKUP_IRQHandler
                0x080003bc                CAN2_SCE_IRQHandler
                0x080003bc                DMA2_Stream2_IRQHandler
                0x080003bc                SPI1_IRQHandler
                0x080003bc                TIM6_DAC_IRQHandler
                0x080003bc                TIM1_BRK_TIM9_IRQHandler
                0x080003bc                DCMI_IRQHandler
                0x080003bc                CAN2_RX0_IRQHandler
                0x080003bc                DMA2_Stream3_IRQHandler
                0x080003bc                USART6_IRQHandler
                0x080003bc                USART3_IRQHandler
                0x080003bc                CAN1_RX1_IRQHandler
                0x080003bc                UART5_IRQHandler
                0x080003bc                DMA2_Stream0_IRQHandler
                0x080003bc                TIM4_IRQHandler
                0x080003bc                I2C1_EV_IRQHandler
                0x080003bc                DMA1_Stream6_IRQHandler
                0x080003bc                DMA1_Stream1_IRQHandler
                0x080003bc                UART4_IRQHandler
                0x080003bc                TIM3_IRQHandler
                0x080003bc                RCC_IRQHandler
                0x080003bc                TIM8_BRK_TIM12_IRQHandler
                0x080003bc                Default_Handler
                0x080003bc                EXTI15_10_IRQHandler
                0x080003bc                ADC_IRQHandler
                0x080003bc                DMA1_Stream7_IRQHandler
                0x080003bc                TIM7_IRQHandler
                0x080003bc                CAN2_TX_IRQHandler
                0x080003bc                TIM5_IRQHandler
                0x080003bc                DMA2_Stream7_IRQHandler
                0x080003bc                I2C3_EV_IRQHandler
                0x080003bc                EXTI9_5_IRQHandler
                0x080003bc                RTC_WKUP_IRQHandler
                0x080003bc                ETH_WKUP_IRQHandler
                0x080003bc                SPI2_IRQHandler
                0x080003bc                OTG_HS_EP1_IN_IRQHandler
                0x080003bc                DMA1_Stream0_IRQHandler
                0x080003bc                CAN1_TX_IRQHandler
                0x080003bc                EXTI4_IRQHandler
                0x080003bc                FSMC_IRQHandler
                0x080003bc                ETH_IRQHandler
                0x080003bc                OTG_HS_EP1_OUT_IRQHandler
                0x080003bc                WWDG_IRQHandler
                0x080003bc                TIM2_IRQHandler
                0x080003bc                OTG_FS_WKUP_IRQHandler
                0x080003bc                TIM1_TRG_COM_TIM11_IRQHandler
                0x080003bc                OTG_HS_IRQHandler
                0x080003bc                EXTI1_IRQHandler
                0x080003bc                USART2_IRQHandler
                0x080003bc                I2C2_ER_IRQHandler
                0x080003bc                DMA2_Stream1_IRQHandler
                0x080003bc                CAN1_SCE_IRQHandler
                0x080003bc                FLASH_IRQHandler
                0x080003bc                DMA2_Stream4_IRQHandler
                0x080003bc                USART1_IRQHandler
                0x080003bc                SPI3_IRQHandler
                0x080003bc                DMA1_Stream4_IRQHandler
                0x080003bc                I2C1_ER_IRQHandler
                0x080003bc                DMA2_Stream6_IRQHandler
                0x080003bc                DMA1_Stream3_IRQHandler

.inits          0x080003c0       0x28
                0x080003c0                __data_regions_array_start = .
                0x080003c0        0x4 LONG 0x8009954 LOADADDR (.data)
                0x080003c4        0x4 LONG 0x20000000 ADDR (.data)
                0x080003c8        0x4 LONG 0x200000d4 (ADDR (.data) + SIZEOF (.data))
                0x080003cc        0x4 LONG 0x8009954 LOADADDR (.data_CCMRAM)
                0x080003d0        0x4 LONG 0x10000000 ADDR (.data_CCMRAM)
                0x080003d4        0x4 LONG 0x10000000 (ADDR (.data_CCMRAM) + SIZEOF (.data_CCMRAM))
                0x080003d8                __data_regions_array_end = .
                0x080003d8                __bss_regions_array_start = .
                0x080003d8        0x4 LONG 0x200000d4 ADDR (.bss)
                0x080003dc        0x4 LONG 0x20004a5c (ADDR (.bss) + SIZEOF (.bss))
                0x080003e0        0x4 LONG 0x10000000 ADDR (.bss_CCMRAM)
                0x080003e4        0x4 LONG 0x10000000 (ADDR (.bss_CCMRAM) + SIZEOF (.bss_CCMRAM))
                0x080003e8                __bss_regions_array_end = .
 *(.init)
 *(.fini)
                0x080003e8                . = ALIGN (0x4)
                0x080003e8                PROVIDE (__preinit_array_start, .)
 *(.preinit_array_sysinit .preinit_array_sysinit.*)
 *(.preinit_array_platform .preinit_array_platform.*)
 *(.preinit_array .preinit_array.*)
                0x080003e8                PROVIDE (__preinit_array_end, .)
                0x080003e8                . = ALIGN (0x4)
                0x080003e8                PROVIDE (__init_array_start, .)
 *(SORT(.init_array.*))
 *(.init_array)
                0x080003e8                PROVIDE (__init_array_end, .)
                0x080003e8                . = ALIGN (0x4)
                0x080003e8                PROVIDE (__fini_array_start, .)
 *(SORT(.fini_array.*))
 *(.fini_array)
                0x080003e8                PROVIDE (__fini_array_end, .)

.flashtext
 *(.flashtext .flashtext.*)

.text           0x080003e8     0x9569
 *(.text .text.*)
 .text.HAL_MspInit
                0x080003e8        0x4 ./system/src/stm32f4-hal/stm32f4xx_hal.o
                0x080003e8                HAL_MspInit
 .text.HAL_InitTick
                0x080003ec       0x28 ./system/src/stm32f4-hal/stm32f4xx_hal.o
                0x080003ec                HAL_InitTick
 .text.HAL_Init
                0x08000414       0x34 ./system/src/stm32f4-hal/stm32f4xx_hal.o
                0x08000414                HAL_Init
 .text.HAL_IncTick
                0x08000448       0x10 ./system/src/stm32f4-hal/stm32f4xx_hal.o
                0x08000448                HAL_IncTick
 .text.HAL_GetTick
                0x08000458        0xc ./system/src/stm32f4-hal/stm32f4xx_hal.o
                0x08000458                HAL_GetTick
 .text.HAL_Delay
                0x08000464       0x1c ./system/src/stm32f4-hal/stm32f4xx_hal.o
                0x08000464                HAL_Delay
 .text.HAL_NVIC_SetPriorityGrouping
                0x08000480       0x3c ./system/src/stm32f4-hal/stm32f4xx_hal_cortex.o
                0x08000480                HAL_NVIC_SetPriorityGrouping
 .text.HAL_NVIC_SetPriority
                0x080004bc       0x84 ./system/src/stm32f4-hal/stm32f4xx_hal_cortex.o
                0x080004bc                HAL_NVIC_SetPriority
 .text.HAL_NVIC_EnableIRQ
                0x08000540       0x28 ./system/src/stm32f4-hal/stm32f4xx_hal_cortex.o
                0x08000540                HAL_NVIC_EnableIRQ
 .text.HAL_SYSTICK_Config
                0x08000568       0x2c ./system/src/stm32f4-hal/stm32f4xx_hal_cortex.o
                0x08000568                HAL_SYSTICK_Config
 .text.FLASH_SetErrorCode
                0x08000594       0x84 ./system/src/stm32f4-hal/stm32f4xx_hal_flash.o
 .text.FLASH_Program_Byte
                0x08000618       0x3c ./system/src/stm32f4-hal/stm32f4xx_hal_flash.o
 .text.FLASH_Program_HalfWord
                0x08000654       0x40 ./system/src/stm32f4-hal/stm32f4xx_hal_flash.o
 .text.FLASH_Program_Word
                0x08000694       0x40 ./system/src/stm32f4-hal/stm32f4xx_hal_flash.o
 .text.FLASH_Program_DoubleWord
                0x080006d4       0x44 ./system/src/stm32f4-hal/stm32f4xx_hal_flash.o
 .text.HAL_FLASH_Unlock
                0x08000718       0x24 ./system/src/stm32f4-hal/stm32f4xx_hal_flash.o
                0x08000718                HAL_FLASH_Unlock
 .text.HAL_FLASH_Lock
                0x0800073c       0x14 ./system/src/stm32f4-hal/stm32f4xx_hal_flash.o
                0x0800073c                HAL_FLASH_Lock
 .text.FLASH_WaitForLastOperation
                0x08000750       0x54 ./system/src/stm32f4-hal/stm32f4xx_hal_flash.o
                0x08000750                FLASH_WaitForLastOperation
 .text.HAL_FLASH_Program
                0x080007a4       0x90 ./system/src/stm32f4-hal/stm32f4xx_hal_flash.o
                0x080007a4                HAL_FLASH_Program
 .text.FLASH_Erase_Sector
                0x08000834       0x84 ./system/src/stm32f4-hal/stm32f4xx_hal_flash_ex.o
                0x08000834                FLASH_Erase_Sector
 .text.HAL_GPIO_Init
                0x080008b8      0x31c ./system/src/stm32f4-hal/stm32f4xx_hal_gpio.o
                0x080008b8                HAL_GPIO_Init
 .text.HAL_GPIO_WritePin
                0x08000bd4       0x34 ./system/src/stm32f4-hal/stm32f4xx_hal_gpio.o
                0x08000bd4                HAL_GPIO_WritePin
 .text.HAL_GPIO_TogglePin
                0x08000c08       0x20 ./system/src/stm32f4-hal/stm32f4xx_hal_gpio.o
                0x08000c08                HAL_GPIO_TogglePin
 .text.HAL_GPIO_EXTI_IRQHandler
                0x08000c28       0x18 ./system/src/stm32f4-hal/stm32f4xx_hal_gpio.o
                0x08000c28                HAL_GPIO_EXTI_IRQHandler
 .text.HCD_RXQLVL_IRQHandler
                0x08000c40       0x84 ./system/src/stm32f4-hal/stm32f4xx_hal_hcd.o
 .text.HAL_HCD_HC_Init
                0x08000cc4       0x6c ./system/src/stm32f4-hal/stm32f4xx_hal_hcd.o
                0x08000cc4                HAL_HCD_HC_Init
 .text.HAL_HCD_HC_Halt
                0x08000d30       0x24 ./system/src/stm32f4-hal/stm32f4xx_hal_hcd.o
                0x08000d30                HAL_HCD_HC_Halt
 .text.HAL_HCD_Init
                0x08000d54       0x94 ./system/src/stm32f4-hal/stm32f4xx_hal_hcd.o
                0x08000d54                HAL_HCD_Init
 .text.HAL_HCD_HC_SubmitRequest
                0x08000de8      0x1cc ./system/src/stm32f4-hal/stm32f4xx_hal_hcd.o
                0x08000de8                HAL_HCD_HC_SubmitRequest
 .text.HCD_Port_IRQHandler
                0x08000fb4       0xd4 ./system/src/stm32f4-hal/stm32f4xx_hal_hcd.o
 .text.HCD_HC_IN_IRQHandler
                0x08001088      0x288 ./system/src/stm32f4-hal/stm32f4xx_hal_hcd.o
 .text.HCD_HC_OUT_IRQHandler
                0x08001310      0x2a0 ./system/src/stm32f4-hal/stm32f4xx_hal_hcd.o
 .text.HAL_HCD_IRQHandler
                0x080015b0      0x13c ./system/src/stm32f4-hal/stm32f4xx_hal_hcd.o
                0x080015b0                HAL_HCD_IRQHandler
 .text.HAL_HCD_Start
                0x080016ec       0x2c ./system/src/stm32f4-hal/stm32f4xx_hal_hcd.o
                0x080016ec                HAL_HCD_Start
 .text.HAL_HCD_Stop
                0x08001718       0x24 ./system/src/stm32f4-hal/stm32f4xx_hal_hcd.o
                0x08001718                HAL_HCD_Stop
 .text.HAL_HCD_ResetPort
                0x0800173c        0xc ./system/src/stm32f4-hal/stm32f4xx_hal_hcd.o
                0x0800173c                HAL_HCD_ResetPort
 .text.HAL_HCD_HC_GetURBState
                0x08001748       0x10 ./system/src/stm32f4-hal/stm32f4xx_hal_hcd.o
                0x08001748                HAL_HCD_HC_GetURBState
 .text.HAL_HCD_HC_GetXferCount
                0x08001758        0xc ./system/src/stm32f4-hal/stm32f4xx_hal_hcd.o
                0x08001758                HAL_HCD_HC_GetXferCount
 .text.HAL_HCD_GetCurrentFrame
                0x08001764        0xc ./system/src/stm32f4-hal/stm32f4xx_hal_hcd.o
                0x08001764                HAL_HCD_GetCurrentFrame
 .text.HAL_HCD_GetCurrentSpeed
                0x08001770        0xc ./system/src/stm32f4-hal/stm32f4xx_hal_hcd.o
                0x08001770                HAL_HCD_GetCurrentSpeed
 .text.HAL_RCC_OscConfig
                0x0800177c      0x4b4 ./system/src/stm32f4-hal/stm32f4xx_hal_rcc.o
                0x0800177c                HAL_RCC_OscConfig
 .text.HAL_RCC_ClockConfig
                0x08001c30      0x32c ./system/src/stm32f4-hal/stm32f4xx_hal_rcc.o
                0x08001c30                HAL_RCC_ClockConfig
 .text.HAL_RCC_GetSysClockFreq
                0x08001f5c       0x98 ./system/src/stm32f4-hal/stm32f4xx_hal_rcc.o
                0x08001f5c                HAL_RCC_GetSysClockFreq
 .text.HAL_RCC_GetHCLKFreq
                0x08001ff4       0x38 ./system/src/stm32f4-hal/stm32f4xx_hal_rcc.o
                0x08001ff4                HAL_RCC_GetHCLKFreq
 .text.USB_CoreReset
                0x0800202c       0x38 ./system/src/stm32f4-hal/stm32f4xx_ll_usb.o
 .text.USB_CoreInit
                0x08002064       0x78 ./system/src/stm32f4-hal/stm32f4xx_ll_usb.o
                0x08002064                USB_CoreInit
 .text.USB_EnableGlobalInt
                0x080020dc        0xc ./system/src/stm32f4-hal/stm32f4xx_ll_usb.o
                0x080020dc                USB_EnableGlobalInt
 .text.USB_DisableGlobalInt
                0x080020e8        0xc ./system/src/stm32f4-hal/stm32f4xx_ll_usb.o
                0x080020e8                USB_DisableGlobalInt
 .text.USB_SetCurrentMode
                0x080020f4       0x2c ./system/src/stm32f4-hal/stm32f4xx_ll_usb.o
                0x080020f4                USB_SetCurrentMode
 .text.USB_FlushTxFifo
                0x08002120       0x24 ./system/src/stm32f4-hal/stm32f4xx_ll_usb.o
                0x08002120                USB_FlushTxFifo
 .text.USB_FlushRxFifo
                0x08002144       0x20 ./system/src/stm32f4-hal/stm32f4xx_ll_usb.o
                0x08002144                USB_FlushRxFifo
 .text.USB_WritePacket
                0x08002164       0x28 ./system/src/stm32f4-hal/stm32f4xx_ll_usb.o
                0x08002164                USB_WritePacket
 .text.USB_ReadPacket
                0x0800218c       0x2c ./system/src/stm32f4-hal/stm32f4xx_ll_usb.o
                0x0800218c                USB_ReadPacket
 .text.USB_ReadInterrupts
                0x080021b8        0x8 ./system/src/stm32f4-hal/stm32f4xx_ll_usb.o
                0x080021b8                USB_ReadInterrupts
 .text.USB_GetMode
                0x080021c0        0x8 ./system/src/stm32f4-hal/stm32f4xx_ll_usb.o
                0x080021c0                USB_GetMode
 .text.USB_InitFSLSPClkSel
                0x080021c8       0x40 ./system/src/stm32f4-hal/stm32f4xx_ll_usb.o
                0x080021c8                USB_InitFSLSPClkSel
 .text.USB_ResetPort
                0x08002208       0x34 ./system/src/stm32f4-hal/stm32f4xx_ll_usb.o
                0x08002208                USB_ResetPort
 .text.USB_DriveVbus
                0x0800223c       0x44 ./system/src/stm32f4-hal/stm32f4xx_ll_usb.o
                0x0800223c                USB_DriveVbus
 .text.USB_HostInit
                0x08002280      0x11c ./system/src/stm32f4-hal/stm32f4xx_ll_usb.o
                0x08002280                USB_HostInit
 .text.USB_GetHostSpeed
                0x0800239c       0x14 ./system/src/stm32f4-hal/stm32f4xx_ll_usb.o
                0x0800239c                USB_GetHostSpeed
 .text.USB_GetCurrentFrame
                0x080023b0        0xc ./system/src/stm32f4-hal/stm32f4xx_ll_usb.o
                0x080023b0                USB_GetCurrentFrame
 .text.USB_HC_Init
                0x080023bc       0xe4 ./system/src/stm32f4-hal/stm32f4xx_ll_usb.o
                0x080023bc                USB_HC_Init
 .text.USB_HC_ReadInterrupt
                0x080024a0       0x20 ./system/src/stm32f4-hal/stm32f4xx_ll_usb.o
                0x080024a0                USB_HC_ReadInterrupt
 .text.USB_HC_Halt
                0x080024c0      0x200 ./system/src/stm32f4-hal/stm32f4xx_ll_usb.o
                0x080024c0                USB_HC_Halt
 .text.USB_DoPing
                0x080026c0       0x84 ./system/src/stm32f4-hal/stm32f4xx_ll_usb.o
                0x080026c0                USB_DoPing
 .text.USB_HC_StartXfer
                0x08002744      0x288 ./system/src/stm32f4-hal/stm32f4xx_ll_usb.o
                0x08002744                USB_HC_StartXfer
 .text.USB_StopHost
                0x080029cc      0x100 ./system/src/stm32f4-hal/stm32f4xx_ll_usb.o
                0x080029cc                USB_StopHost
 .text._exit    0x08002acc        0x4 ./system/src/newlib/_exit.o
                0x08002acc                _exit
 .text.abort    0x08002ad0       0x14 ./system/src/newlib/_exit.o
                0x08002ad0                abort
 .text._sbrk    0x08002ae4       0x44 ./system/src/newlib/_sbrk.o
                0x08002ae4                _sbrk
 .text.__initialize_args
                0x08002b28       0x10 ./system/src/newlib/_syscalls.o
                0x08002b28                __initialize_args
 .text.assert_failed
                0x08002b38       0x18 ./system/src/newlib/assert.o
                0x08002b38                assert_failed
 .text.trace_printf
                0x08002b50       0x34 ./system/src/diag/Trace.o
                0x08002b50                trace_printf
 .text.trace_puts
                0x08002b84       0x20 ./system/src/diag/Trace.o
                0x08002b84                trace_puts
 .text._trace_write_itm
                0x08002ba4       0x48 ./system/src/diag/trace_impl.o
 .text.trace_write
                0x08002bec        0x8 ./system/src/diag/trace_impl.o
                0x08002bec                trace_write
 .text.__initialize_hardware_early
                0x08002bf4       0x1c ./system/src/cortexm/_initialize_hardware.o
                0x08002bf4                __initialize_hardware_early
 .text.dumpExceptionStack
                0x08002c10       0xf0 ./system/src/cortexm/exception_handlers.o
                0x08002c10                dumpExceptionStack
 .text.SystemInit
                0x08002d00       0x4c ./system/src/cmsis/system_stm32f4xx.o
                0x08002d00                SystemInit
 .text.USBH_MSC_SOFProcess
                0x08002d4c        0x4 ./src/usb/MSC/Src/usbh_msc.o
 .text.USBH_MSC_Process
                0x08002d50      0x2a8 ./src/usb/MSC/Src/usbh_msc.o
 .text.USBH_MSC_ClassRequest
                0x08002ff8       0x64 ./src/usb/MSC/Src/usbh_msc.o
 .text.USBH_MSC_InterfaceDeInit
                0x0800305c       0x4c ./src/usb/MSC/Src/usbh_msc.o
 .text.USBH_MSC_InterfaceInit
                0x080030a8      0x130 ./src/usb/MSC/Src/usbh_msc.o
 .text.USBH_MSC_RdWrProcess
                0x080031d8      0x120 ./src/usb/MSC/Src/usbh_msc.o
 .text.USBH_MSC_UnitIsReady
                0x080032f8       0x24 ./src/usb/MSC/Src/usbh_msc.o
                0x080032f8                USBH_MSC_UnitIsReady
 .text.USBH_MSC_GetLUNInfo
                0x0800331c       0x28 ./src/usb/MSC/Src/usbh_msc.o
                0x0800331c                USBH_MSC_GetLUNInfo
 .text.USBH_MSC_Read
                0x08003344       0x98 ./src/usb/MSC/Src/usbh_msc.o
                0x08003344                USBH_MSC_Read
 .text.USBH_MSC_Write
                0x080033dc       0x98 ./src/usb/MSC/Src/usbh_msc.o
                0x080033dc                USBH_MSC_Write
 .text.USBH_MSC_DecodeCSW
                0x08003474       0x50 ./src/usb/MSC/Src/usbh_msc_bot.o
 .text.USBH_MSC_BOT_Abort
                0x080034c4       0x24 ./src/usb/MSC/Src/usbh_msc_bot.o
 .text.USBH_MSC_BOT_REQ_Reset
                0x080034e8       0x1c ./src/usb/MSC/Src/usbh_msc_bot.o
                0x080034e8                USBH_MSC_BOT_REQ_Reset
 .text.USBH_MSC_BOT_REQ_GetMaxLUN
                0x08003504       0x1c ./src/usb/MSC/Src/usbh_msc_bot.o
                0x08003504                USBH_MSC_BOT_REQ_GetMaxLUN
 .text.USBH_MSC_BOT_Init
                0x08003520       0x24 ./src/usb/MSC/Src/usbh_msc_bot.o
                0x08003520                USBH_MSC_BOT_Init
 .text.USBH_MSC_BOT_Process
                0x08003544      0x2d4 ./src/usb/MSC/Src/usbh_msc_bot.o
                0x08003544                USBH_MSC_BOT_Process
 .text.USBH_MSC_SCSI_TestUnitReady
                0x08003818       0x4c ./src/usb/MSC/Src/usbh_msc_scsi.o
                0x08003818                USBH_MSC_SCSI_TestUnitReady
 .text.USBH_MSC_SCSI_ReadCapacity
                0x08003864       0x88 ./src/usb/MSC/Src/usbh_msc_scsi.o
                0x08003864                USBH_MSC_SCSI_ReadCapacity
 .text.USBH_MSC_SCSI_Inquiry
                0x080038ec       0xd0 ./src/usb/MSC/Src/usbh_msc_scsi.o
                0x080038ec                USBH_MSC_SCSI_Inquiry
 .text.USBH_MSC_SCSI_RequestSense
                0x080039bc       0x98 ./src/usb/MSC/Src/usbh_msc_scsi.o
                0x080039bc                USBH_MSC_SCSI_RequestSense
 .text.USBH_MSC_SCSI_Write
                0x08003a54       0x8c ./src/usb/MSC/Src/usbh_msc_scsi.o
                0x08003a54                USBH_MSC_SCSI_Write
 .text.USBH_MSC_SCSI_Read
                0x08003ae0       0x90 ./src/usb/MSC/Src/usbh_msc_scsi.o
                0x08003ae0                USBH_MSC_SCSI_Read
 .text.HAL_HCD_MspInit
                0x08003b70       0xac ./src/usb/Core/Src/usbh_conf.o
                0x08003b70                HAL_HCD_MspInit
 .text.HAL_HCD_SOF_Callback
                0x08003c1c        0xc ./src/usb/Core/Src/usbh_conf.o
                0x08003c1c                HAL_HCD_SOF_Callback
 .text.HAL_HCD_Connect_Callback
                0x08003c28        0xc ./src/usb/Core/Src/usbh_conf.o
                0x08003c28                HAL_HCD_Connect_Callback
 .text.HAL_HCD_Disconnect_Callback
                0x08003c34        0xc ./src/usb/Core/Src/usbh_conf.o
                0x08003c34                HAL_HCD_Disconnect_Callback
 .text.HAL_HCD_HC_NotifyURBChange_Callback
                0x08003c40        0x4 ./src/usb/Core/Src/usbh_conf.o
                0x08003c40                HAL_HCD_HC_NotifyURBChange_Callback
 .text.USBH_LL_Init
                0x08003c44       0x50 ./src/usb/Core/Src/usbh_conf.o
                0x08003c44                USBH_LL_Init
 .text.USBH_LL_Start
                0x08003c94       0x10 ./src/usb/Core/Src/usbh_conf.o
                0x08003c94                USBH_LL_Start
 .text.USBH_LL_Stop
                0x08003ca4       0x10 ./src/usb/Core/Src/usbh_conf.o
                0x08003ca4                USBH_LL_Stop
 .text.USBH_LL_GetSpeed
                0x08003cb4       0x20 ./src/usb/Core/Src/usbh_conf.o
                0x08003cb4                USBH_LL_GetSpeed
 .text.USBH_LL_ResetPort
                0x08003cd4       0x10 ./src/usb/Core/Src/usbh_conf.o
                0x08003cd4                USBH_LL_ResetPort
 .text.USBH_LL_GetLastXferSize
                0x08003ce4        0xc ./src/usb/Core/Src/usbh_conf.o
                0x08003ce4                USBH_LL_GetLastXferSize
 .text.USBH_LL_OpenPipe
                0x08003cf0       0x24 ./src/usb/Core/Src/usbh_conf.o
                0x08003cf0                USBH_LL_OpenPipe
 .text.USBH_LL_ClosePipe
                0x08003d14       0x10 ./src/usb/Core/Src/usbh_conf.o
                0x08003d14                USBH_LL_ClosePipe
 .text.USBH_LL_SubmitURB
                0x08003d24       0x28 ./src/usb/Core/Src/usbh_conf.o
                0x08003d24                USBH_LL_SubmitURB
 .text.USBH_LL_GetURBState
                0x08003d4c        0xc ./src/usb/Core/Src/usbh_conf.o
                0x08003d4c                USBH_LL_GetURBState
 .text.USBH_LL_DriverVBUS
                0x08003d58       0x28 ./src/usb/Core/Src/usbh_conf.o
                0x08003d58                USBH_LL_DriverVBUS
 .text.USBH_LL_SetToggle
                0x08003d80       0x38 ./src/usb/Core/Src/usbh_conf.o
                0x08003d80                USBH_LL_SetToggle
 .text.USBH_LL_GetToggle
                0x08003db8       0x34 ./src/usb/Core/Src/usbh_conf.o
                0x08003db8                USBH_LL_GetToggle
 .text.USBH_Delay
                0x08003dec        0x8 ./src/usb/Core/Src/usbh_conf.o
                0x08003dec                USBH_Delay
 .text.DeInitStateMachine
                0x08003df4       0x4c ./src/usb/Core/Src/usbh_core.o
 .text.USBH_HandleSof
                0x08003e40       0x18 ./src/usb/Core/Src/usbh_core.o
 .text.USBH_HandleEnum
                0x08003e58      0x1ac ./src/usb/Core/Src/usbh_core.o
 .text.USBH_Init
                0x08004004       0x68 ./src/usb/Core/Src/usbh_core.o
                0x08004004                USBH_Init
 .text.USBH_RegisterClass
                0x0800406c       0x24 ./src/usb/Core/Src/usbh_core.o
                0x0800406c                USBH_RegisterClass
 .text.USBH_SelectInterface
                0x08004090       0x14 ./src/usb/Core/Src/usbh_core.o
                0x08004090                USBH_SelectInterface
 .text.USBH_FindInterface
                0x080040a4       0x54 ./src/usb/Core/Src/usbh_core.o
                0x080040a4                USBH_FindInterface
 .text.USBH_Start
                0x080040f8       0x14 ./src/usb/Core/Src/usbh_core.o
                0x080040f8                USBH_Start
 .text.USBH_Process
                0x0800410c      0x1d4 ./src/usb/Core/Src/usbh_core.o
                0x0800410c                USBH_Process
 .text.USBH_Process_OS
                0x080042e0       0x30 ./src/usb/Core/Src/usbh_core.o
 .text.USBH_LL_SetTimer
                0x08004310        0x8 ./src/usb/Core/Src/usbh_core.o
                0x08004310                USBH_LL_SetTimer
 .text.USBH_LL_IncTimer
                0x08004318       0x14 ./src/usb/Core/Src/usbh_core.o
                0x08004318                USBH_LL_IncTimer
 .text.USBH_LL_Connect
                0x0800432c       0x3c ./src/usb/Core/Src/usbh_core.o
                0x0800432c                USBH_LL_Connect
 .text.USBH_LL_Disconnect
                0x08004368       0x44 ./src/usb/Core/Src/usbh_core.o
                0x08004368                USBH_LL_Disconnect
 .text.USBH_ParseDevDesc
                0x080043ac       0x5c ./src/usb/Core/Src/usbh_ctlreq.o
 .text.USBH_ParseInterfaceDesc
                0x08004408       0x28 ./src/usb/Core/Src/usbh_ctlreq.o
 .text.USBH_ParseEPDesc
                0x08004430       0x20 ./src/usb/Core/Src/usbh_ctlreq.o
 .text.USBH_ParseStringDesc
                0x08004450       0x34 ./src/usb/Core/Src/usbh_ctlreq.o
 .text.USBH_HandleControl
                0x08004484      0x288 ./src/usb/Core/Src/usbh_ctlreq.o
 .text.USBH_GetNextDesc
                0x0800470c       0x10 ./src/usb/Core/Src/usbh_ctlreq.o
                0x0800470c                USBH_GetNextDesc
 .text.USBH_ParseCfgDesc
                0x0800471c       0xcc ./src/usb/Core/Src/usbh_ctlreq.o
 .text.USBH_CtlReq
                0x080047e8       0x50 ./src/usb/Core/Src/usbh_ctlreq.o
                0x080047e8                USBH_CtlReq
 .text.USBH_GetDescriptor
                0x08004838       0x3c ./src/usb/Core/Src/usbh_ctlreq.o
                0x08004838                USBH_GetDescriptor
 .text.USBH_Get_DevDesc
                0x08004874       0x30 ./src/usb/Core/Src/usbh_ctlreq.o
                0x08004874                USBH_Get_DevDesc
 .text.USBH_Get_CfgDesc
                0x080048a4       0x30 ./src/usb/Core/Src/usbh_ctlreq.o
                0x080048a4                USBH_Get_CfgDesc
 .text.USBH_Get_StringDesc
                0x080048d4       0x30 ./src/usb/Core/Src/usbh_ctlreq.o
                0x080048d4                USBH_Get_StringDesc
 .text.USBH_SetAddress
                0x08004904       0x20 ./src/usb/Core/Src/usbh_ctlreq.o
                0x08004904                USBH_SetAddress
 .text.USBH_SetCfg
                0x08004924       0x20 ./src/usb/Core/Src/usbh_ctlreq.o
                0x08004924                USBH_SetCfg
 .text.USBH_ClrFeature
                0x08004944       0x24 ./src/usb/Core/Src/usbh_ctlreq.o
                0x08004944                USBH_ClrFeature
 .text.USBH_CtlSendSetup
                0x08004968       0x20 ./src/usb/Core/Src/usbh_ioreq.o
                0x08004968                USBH_CtlSendSetup
 .text.USBH_CtlSendData
                0x08004988       0x2c ./src/usb/Core/Src/usbh_ioreq.o
                0x08004988                USBH_CtlSendData
 .text.USBH_CtlReceiveData
                0x080049b4       0x20 ./src/usb/Core/Src/usbh_ioreq.o
                0x080049b4                USBH_CtlReceiveData
 .text.USBH_BulkSendData
                0x080049d4       0x2c ./src/usb/Core/Src/usbh_ioreq.o
                0x080049d4                USBH_BulkSendData
 .text.USBH_BulkReceiveData
                0x08004a00       0x20 ./src/usb/Core/Src/usbh_ioreq.o
                0x08004a00                USBH_BulkReceiveData
 .text.USBH_GetFreePipe
                0x08004a20       0x24 ./src/usb/Core/Src/usbh_pipes.o
 .text.USBH_OpenPipe
                0x08004a44       0x20 ./src/usb/Core/Src/usbh_pipes.o
                0x08004a44                USBH_OpenPipe
 .text.USBH_ClosePipe
                0x08004a64        0xc ./src/usb/Core/Src/usbh_pipes.o
                0x08004a64                USBH_ClosePipe
 .text.USBH_AllocPipe
                0x08004a70       0x24 ./src/usb/Core/Src/usbh_pipes.o
                0x08004a70                USBH_AllocPipe
 .text.USBH_FreePipe
                0x08004a94       0x18 ./src/usb/Core/Src/usbh_pipes.o
                0x08004a94                USBH_FreePipe
 .text.disk_initialize
                0x08004aac       0x24 ./src/fat/src/diskio.o
                0x08004aac                disk_initialize
 .text.disk_status
                0x08004ad0       0x14 ./src/fat/src/diskio.o
                0x08004ad0                disk_status
 .text.disk_read
                0x08004ae4       0x1c ./src/fat/src/diskio.o
                0x08004ae4                disk_read
 .text.disk_write
                0x08004b00       0x1c ./src/fat/src/diskio.o
                0x08004b00                disk_write
 .text.disk_ioctl
                0x08004b1c       0x18 ./src/fat/src/diskio.o
                0x08004b1c                disk_ioctl
 .text.get_fattime
                0x08004b34        0x4 ./src/fat/src/diskio.o
                0x08004b34                get_fattime
 .text.mem_cpy  0x08004b38       0x14 ./src/fat/src/ff.o
 .text.mem_set  0x08004b4c       0x10 ./src/fat/src/ff.o
 .text.mem_cmp  0x08004b5c       0x24 ./src/fat/src/ff.o
 .text.chk_chr  0x08004b80       0x14 ./src/fat/src/ff.o
 .text.chk_lock
                0x08004b94       0x90 ./src/fat/src/ff.o
 .text.enq_lock
                0x08004c24       0x24 ./src/fat/src/ff.o
 .text.inc_lock
                0x08004c48       0xd4 ./src/fat/src/ff.o
 .text.dec_lock
                0x08004d1c       0x48 ./src/fat/src/ff.o
 .text.clear_lock
                0x08004d64       0x30 ./src/fat/src/ff.o
 .text.clmt_clust
                0x08004d94       0x2c ./src/fat/src/ff.o
 .text.ld_clust
                0x08004dc0       0x20 ./src/fat/src/ff.o
 .text.st_clust
                0x08004de0       0x14 ./src/fat/src/ff.o
 .text.create_name
                0x08004df4      0x11c ./src/fat/src/ff.o
 .text.get_ldnumber
                0x08004f10       0x5c ./src/fat/src/ff.o
 .text.sync_window
                0x08004f6c       0x64 ./src/fat/src/ff.o
 .text.move_window
                0x08004fd0       0x3c ./src/fat/src/ff.o
 .text.check_fs
                0x0800500c       0x94 ./src/fat/src/ff.o
 .text.validate
                0x080050a0       0x44 ./src/fat/src/ff.o
 .text.find_volume
                0x080050e4      0x388 ./src/fat/src/ff.o
 .text.sync_fs  0x0800546c       0xc4 ./src/fat/src/ff.o
 .text.clust2sect
                0x08005530       0x20 ./src/fat/src/ff.o
                0x08005530                clust2sect
 .text.get_fat  0x08005550       0xe0 ./src/fat/src/ff.o
                0x08005550                get_fat
 .text.dir_sdi  0x08005630       0xb4 ./src/fat/src/ff.o
 .text.put_fat  0x080056e4       0xfc ./src/fat/src/ff.o
                0x080056e4                put_fat
 .text.create_chain
                0x080057e0       0xc8 ./src/fat/src/ff.o
 .text.dir_next
                0x080058a8      0x158 ./src/fat/src/ff.o
 .text.dir_find
                0x08005a00       0x50 ./src/fat/src/ff.o
 .text.follow_path
                0x08005a50       0x8c ./src/fat/src/ff.o
 .text.dir_alloc
                0x08005adc       0x50 ./src/fat/src/ff.o
 .text.dir_register
                0x08005b2c       0x48 ./src/fat/src/ff.o
 .text.remove_chain
                0x08005b74       0x74 ./src/fat/src/ff.o
 .text.f_mount  0x08005be8       0x60 ./src/fat/src/ff.o
                0x08005be8                f_mount
 .text.f_open   0x08005c48      0x1d4 ./src/fat/src/ff.o
                0x08005c48                f_open
 .text.f_write  0x08005e1c      0x208 ./src/fat/src/ff.o
                0x08005e1c                f_write
 .text.putc_bfd
                0x08006024       0x4c ./src/fat/src/ff.o
 .text.f_sync   0x08006070       0xc8 ./src/fat/src/ff.o
                0x08006070                f_sync
 .text.f_close  0x08006138       0x2c ./src/fat/src/ff.o
                0x08006138                f_close
 .text.f_lseek  0x08006164      0x314 ./src/fat/src/ff.o
                0x08006164                f_lseek
 .text.f_printf
                0x08006478      0x278 ./src/fat/src/ff.o
                0x08006478                f_printf
 .text.FATFS_LinkDriver
                0x080066f0       0x48 ./src/fat/src/ff_gen_drv.o
                0x080066f0                FATFS_LinkDriver
 .text.USBH_initialize
                0x08006738        0x4 ./src/fat/src/usbh_diskio.o
                0x08006738                USBH_initialize
 .text.USBH_status
                0x0800673c       0x18 ./src/fat/src/usbh_diskio.o
                0x0800673c                USBH_status
 .text.USBH_read
                0x08006754       0x84 ./src/fat/src/usbh_diskio.o
                0x08006754                USBH_read
 .text.USBH_ioctl
                0x080067d8       0x68 ./src/fat/src/usbh_diskio.o
                0x080067d8                USBH_ioctl
 .text.USBH_write
                0x08006840       0x90 ./src/fat/src/usbh_diskio.o
                0x08006840                USBH_write
 .text.start_time
                0x080068d0        0xc ./src/Sys_Timer/Src/clock.o
 .text.init_time
                0x080068dc       0x20 ./src/Sys_Timer/Src/clock.o
                0x080068dc                init_time
 .text.is_time_enabled
                0x080068fc        0xc ./src/Sys_Timer/Src/clock.o
                0x080068fc                is_time_enabled
 .text.Time_SYSTICK_Callback
                0x08006908      0x178 ./src/Sys_Timer/Src/clock.o
                0x08006908                Time_SYSTICK_Callback
 .text.prvHeapInit
                0x08006a80       0x64 ./src/FreeRTOS/Source/portable/MemMang/heap_4.o
 .text.prvInsertBlockIntoFreeList
                0x08006ae4       0x58 ./src/FreeRTOS/Source/portable/MemMang/heap_4.o
 .text.pvPortMalloc
                0x08006b3c       0xd4 ./src/FreeRTOS/Source/portable/MemMang/heap_4.o
                0x08006b3c                pvPortMalloc
 .text.vPortFree
                0x08006c10       0x5c ./src/FreeRTOS/Source/portable/MemMang/heap_4.o
                0x08006c10                vPortFree
 .text.prvPortStartFirstTask
                0x08006c6c       0x20 ./src/FreeRTOS/Source/portable/GCC/ARM_CM4F/port.o
 .text.vPortEnableVFP
                0x08006c8c       0x14 ./src/FreeRTOS/Source/portable/GCC/ARM_CM4F/port.o
 .text.pxPortInitialiseStack
                0x08006ca0       0x28 ./src/FreeRTOS/Source/portable/GCC/ARM_CM4F/port.o
                0x08006ca0                pxPortInitialiseStack
 .text.SVC_Handler
                0x08006cc8       0x20 ./src/FreeRTOS/Source/portable/GCC/ARM_CM4F/port.o
                0x08006cc8                SVC_Handler
 .text.vPortYield
                0x08006ce8       0x18 ./src/FreeRTOS/Source/portable/GCC/ARM_CM4F/port.o
                0x08006ce8                vPortYield
 .text.ulPortSetInterruptMask
                0x08006d00       0x10 ./src/FreeRTOS/Source/portable/GCC/ARM_CM4F/port.o
                0x08006d00                ulPortSetInterruptMask
 .text.prvTaskExitError
                0x08006d10       0x1c ./src/FreeRTOS/Source/portable/GCC/ARM_CM4F/port.o
 .text.vPortEnterCritical
                0x08006d2c       0x34 ./src/FreeRTOS/Source/portable/GCC/ARM_CM4F/port.o
                0x08006d2c                vPortEnterCritical
 .text.vPortClearInterruptMask
                0x08006d60        0x8 ./src/FreeRTOS/Source/portable/GCC/ARM_CM4F/port.o
                0x08006d60                vPortClearInterruptMask
 .text.vPortExitCritical
                0x08006d68       0x24 ./src/FreeRTOS/Source/portable/GCC/ARM_CM4F/port.o
                0x08006d68                vPortExitCritical
 .text.PendSV_Handler
                0x08006d8c       0x58 ./src/FreeRTOS/Source/portable/GCC/ARM_CM4F/port.o
                0x08006d8c                PendSV_Handler
 .text.xPortSysTickHandler
                0x08006de4       0x20 ./src/FreeRTOS/Source/portable/GCC/ARM_CM4F/port.o
                0x08006de4                xPortSysTickHandler
 .text.vPortSetupTimerInterrupt
                0x08006e04       0x2c ./src/FreeRTOS/Source/portable/GCC/ARM_CM4F/port.o
                0x08006e04                vPortSetupTimerInterrupt
 .text.xPortStartScheduler
                0x08006e30       0xa8 ./src/FreeRTOS/Source/portable/GCC/ARM_CM4F/port.o
                0x08006e30                xPortStartScheduler
 .text.vPortValidateInterruptPriority
                0x08006ed8       0x48 ./src/FreeRTOS/Source/portable/GCC/ARM_CM4F/port.o
                0x08006ed8                vPortValidateInterruptPriority
 .text.makeFreeRtosPriority
                0x08006f20        0xc ./src/FreeRTOS/Source/CMSIS_RTOS/cmsis_os.o
 .text.inHandlerMode
                0x08006f2c        0xc ./src/FreeRTOS/Source/CMSIS_RTOS/cmsis_os.o
 .text.osKernelStart
                0x08006f38        0xc ./src/FreeRTOS/Source/CMSIS_RTOS/cmsis_os.o
                0x08006f38                osKernelStart
 .text.osThreadCreate
                0x08006f44       0x3c ./src/FreeRTOS/Source/CMSIS_RTOS/cmsis_os.o
                0x08006f44                osThreadCreate
 .text.osDelay  0x08006f80       0x10 ./src/FreeRTOS/Source/CMSIS_RTOS/cmsis_os.o
                0x08006f80                osDelay
 .text.osMutexCreate
                0x08006f90        0xc ./src/FreeRTOS/Source/CMSIS_RTOS/cmsis_os.o
                0x08006f90                osMutexCreate
 .text.osMutexWait
                0x08006f9c       0x68 ./src/FreeRTOS/Source/CMSIS_RTOS/cmsis_os.o
                0x08006f9c                osMutexWait
 .text.osMutexRelease
                0x08007004       0x58 ./src/FreeRTOS/Source/CMSIS_RTOS/cmsis_os.o
                0x08007004                osMutexRelease
 .text.osMessageCreate
                0x0800705c       0x10 ./src/FreeRTOS/Source/CMSIS_RTOS/cmsis_os.o
                0x0800705c                osMessageCreate
 .text.osMessagePut
                0x0800706c       0x60 ./src/FreeRTOS/Source/CMSIS_RTOS/cmsis_os.o
                0x0800706c                osMessagePut
 .text.osMessageGet
                0x080070cc       0x90 ./src/FreeRTOS/Source/CMSIS_RTOS/cmsis_os.o
                0x080070cc                osMessageGet
 .text.vListInitialise
                0x0800715c       0x18 ./src/FreeRTOS/Source/list.o
                0x0800715c                vListInitialise
 .text.vListInitialiseItem
                0x08007174        0x8 ./src/FreeRTOS/Source/list.o
                0x08007174                vListInitialiseItem
 .text.vListInsertEnd
                0x0800717c       0x18 ./src/FreeRTOS/Source/list.o
                0x0800717c                vListInsertEnd
 .text.vListInsert
                0x08007194       0x34 ./src/FreeRTOS/Source/list.o
                0x08007194                vListInsert
 .text.uxListRemove
                0x080071c8       0x24 ./src/FreeRTOS/Source/list.o
                0x080071c8                uxListRemove
 .text.prvIsQueueFull
                0x080071ec       0x20 ./src/FreeRTOS/Source/queue.o
 .text.prvIsQueueEmpty
                0x0800720c       0x1c ./src/FreeRTOS/Source/queue.o
 .text.prvCopyDataToQueue
                0x08007228       0x7c ./src/FreeRTOS/Source/queue.o
 .text.prvCopyDataFromQueue
                0x080072a4       0x24 ./src/FreeRTOS/Source/queue.o
 .text.prvUnlockQueue
                0x080072c8       0x64 ./src/FreeRTOS/Source/queue.o
 .text.xQueueGenericReset
                0x0800732c       0x64 ./src/FreeRTOS/Source/queue.o
                0x0800732c                xQueueGenericReset
 .text.xQueueGenericCreate
                0x08007390       0x4c ./src/FreeRTOS/Source/queue.o
                0x08007390                xQueueGenericCreate
 .text.xQueueGenericSend
                0x080073dc      0x12c ./src/FreeRTOS/Source/queue.o
                0x080073dc                xQueueGenericSend
 .text.xQueueCreateMutex
                0x08007508       0x54 ./src/FreeRTOS/Source/queue.o
                0x08007508                xQueueCreateMutex
 .text.xQueueGenericSendFromISR
                0x0800755c       0xb0 ./src/FreeRTOS/Source/queue.o
                0x0800755c                xQueueGenericSendFromISR
 .text.xQueueGenericReceive
                0x0800760c      0x13c ./src/FreeRTOS/Source/queue.o
                0x0800760c                xQueueGenericReceive
 .text.xQueueReceiveFromISR
                0x08007748       0x84 ./src/FreeRTOS/Source/queue.o
                0x08007748                xQueueReceiveFromISR
 .text.prvResetNextTaskUnblockTime
                0x080077cc       0x34 ./src/FreeRTOS/Source/tasks.o
 .text.prvDeleteTCB
                0x08007800       0x14 ./src/FreeRTOS/Source/tasks.o
 .text.prvAllocateTCBAndStack
                0x08007814       0x38 ./src/FreeRTOS/Source/tasks.o
 .text.prvInitialiseTCBVariables
                0x0800784c       0x4c ./src/FreeRTOS/Source/tasks.o
 .text.prvInitialiseTaskLists
                0x08007898       0x64 ./src/FreeRTOS/Source/tasks.o
 .text.prvAddCurrentTaskToDelayedList
                0x080078fc       0x54 ./src/FreeRTOS/Source/tasks.o
 .text.xTaskGenericCreate
                0x08007950      0x10c ./src/FreeRTOS/Source/tasks.o
                0x08007950                xTaskGenericCreate
 .text.vTaskStartScheduler
                0x08007a5c       0x50 ./src/FreeRTOS/Source/tasks.o
                0x08007a5c                vTaskStartScheduler
 .text.vTaskSuspendAll
                0x08007aac       0x10 ./src/FreeRTOS/Source/tasks.o
                0x08007aac                vTaskSuspendAll
 .text.xTaskIncrementTick
                0x08007abc      0x128 ./src/FreeRTOS/Source/tasks.o
                0x08007abc                xTaskIncrementTick
 .text.xTaskResumeAll
                0x08007be4       0xdc ./src/FreeRTOS/Source/tasks.o
                0x08007be4                xTaskResumeAll
 .text.vTaskDelay
                0x08007cc0       0x64 ./src/FreeRTOS/Source/tasks.o
                0x08007cc0                vTaskDelay
 .text.prvCheckTasksWaitingTermination
                0x08007d24       0x54 ./src/FreeRTOS/Source/tasks.o
 .text.prvIdleTask
                0x08007d78       0x18 ./src/FreeRTOS/Source/tasks.o
 .text.vTaskSwitchContext
                0x08007d90       0x88 ./src/FreeRTOS/Source/tasks.o
                0x08007d90                vTaskSwitchContext
 .text.vTaskPlaceOnEventList
                0x08007e18       0x64 ./src/FreeRTOS/Source/tasks.o
                0x08007e18                vTaskPlaceOnEventList
 .text.xTaskRemoveFromEventList
                0x08007e7c       0x80 ./src/FreeRTOS/Source/tasks.o
                0x08007e7c                xTaskRemoveFromEventList
 .text.vTaskSetTimeOutState
                0x08007efc       0x20 ./src/FreeRTOS/Source/tasks.o
                0x08007efc                vTaskSetTimeOutState
 .text.xTaskCheckForTimeOut
                0x08007f1c       0x68 ./src/FreeRTOS/Source/tasks.o
                0x08007f1c                xTaskCheckForTimeOut
 .text.vTaskMissedYield
                0x08007f84        0xc ./src/FreeRTOS/Source/tasks.o
                0x08007f84                vTaskMissedYield
 .text.xTaskGetSchedulerState
                0x08007f90       0x20 ./src/FreeRTOS/Source/tasks.o
                0x08007f90                xTaskGetSchedulerState
 .text.vTaskPriorityInherit
                0x08007fb0       0xa8 ./src/FreeRTOS/Source/tasks.o
                0x08007fb0                vTaskPriorityInherit
 .text.xTaskPriorityDisinherit
                0x08008058       0x88 ./src/FreeRTOS/Source/tasks.o
                0x08008058                xTaskPriorityDisinherit
 .text.pvTaskIncrementMutexHeldCount
                0x080080e0       0x1c ./src/FreeRTOS/Source/tasks.o
                0x080080e0                pvTaskIncrementMutexHeldCount
 .text.IntegerToString
                0x080080fc       0x54 ./src/EventLogger/Src/EventLogger.o
 .text.EventLogger_Init
                0x08008150       0x40 ./src/EventLogger/Src/EventLogger.o
                0x08008150                EventLogger_Init
 .text.EventLogger_DeInit
                0x08008190       0x10 ./src/EventLogger/Src/EventLogger.o
                0x08008190                EventLogger_DeInit
 .text.EventLogger_LogEvent
                0x080081a0      0x2c8 ./src/EventLogger/Src/EventLogger.o
                0x080081a0                EventLogger_LogEvent
 .text.USBH_LogInit
                0x08008468       0x98 ./src/EventLogger/Src/EventLogger_conf.o
                0x08008468                USBH_LogInit
 .text.CreateLogFile
                0x08008500       0x68 ./src/EventLogger/Src/EventLogger_conf.o
 .text.FlashToUSB_Process_OS
                0x08008568       0xb0 ./src/EventLogger/Src/EventLogger_conf.o
 .text.USBH_LogProcess
                0x08008618       0x48 ./src/EventLogger/Src/EventLogger_conf.o
                0x08008618                USBH_LogProcess
 .text.USBH_LogDeInit
                0x08008660       0xe0 ./src/EventLogger/Src/EventLogger_conf.o
                0x08008660                USBH_LogDeInit
 .text.Write_FatFS
                0x08008740       0x74 ./src/EventLogger/Src/EventLogger_conf.o
                0x08008740                Write_FatFS
 .text.configure_system_clock
                0x080087b4       0x68 ./src/_initialize_hardware.o
                0x080087b4                configure_system_clock
 .text.__initialize_hardware
                0x0800881c       0x24 ./src/_initialize_hardware.o
                0x0800881c                __initialize_hardware
 .text.User_Process
                0x08008840       0x68 ./src/main.o
 .text.main     0x080088a8       0x58 ./src/main.o
                0x080088a8                main
 .text.HAL_GPIO_EXTI_Callback
                0x08008900       0x18 ./src/main.o
                0x08008900                HAL_GPIO_EXTI_Callback
 .text.vApplicationTickHook
                0x08008918        0x8 ./src/main.o
                0x08008918                vApplicationTickHook
 .text.BSP_LED_Init
                0x08008920       0x7c ./src/stm32f4_discovery.o
                0x08008920                BSP_LED_Init
 .text.BSP_LED_On
                0x0800899c       0x20 ./src/stm32f4_discovery.o
                0x0800899c                BSP_LED_On
 .text.BSP_LED_Off
                0x080089bc       0x20 ./src/stm32f4_discovery.o
                0x080089bc                BSP_LED_Off
 .text.BSP_LED_Toggle
                0x080089dc       0x20 ./src/stm32f4_discovery.o
                0x080089dc                BSP_LED_Toggle
 .text.BSP_PB_Init
                0x080089fc       0x70 ./src/stm32f4_discovery.o
                0x080089fc                BSP_PB_Init
 .text.NMI_Handler
                0x08008a6c        0x4 ./src/stm32f4xx_it.o
                0x08008a6c                NMI_Handler
 .text.HardFault_Handler
                0x08008a70        0x4 ./src/stm32f4xx_it.o
                0x08008a70                HardFault_Handler
 .text.MemManage_Handler
                0x08008a74        0x4 ./src/stm32f4xx_it.o
                0x08008a74                MemManage_Handler
 .text.BusFault_Handler
                0x08008a78        0x4 ./src/stm32f4xx_it.o
                0x08008a78                BusFault_Handler
 .text.UsageFault_Handler
                0x08008a7c        0x4 ./src/stm32f4xx_it.o
                0x08008a7c                UsageFault_Handler
 .text.DebugMon_Handler
                0x08008a80        0x4 ./src/stm32f4xx_it.o
                0x08008a80                DebugMon_Handler
 .text.SysTick_Handler
                0x08008a84       0x14 ./src/stm32f4xx_it.o
                0x08008a84                SysTick_Handler
 .text.OTG_FS_IRQHandler
                0x08008a98       0x10 ./src/stm32f4xx_it.o
                0x08008a98                OTG_FS_IRQHandler
 .text.EXTI0_IRQHandler
                0x08008aa8        0xc ./src/stm32f4xx_it.o
                0x08008aa8                EXTI0_IRQHandler
 .text.__errno  0x08008ab4        0xc /usr/bin/../lib/gcc/arm-none-eabi/4.9.3/../../../../arm-none-eabi/lib/armv7e-m/softfp/libg_nano.a(lib_a-errno.o)
                0x08008ab4                __errno
 .text.malloc   0x08008ac0       0x10 /usr/bin/../lib/gcc/arm-none-eabi/4.9.3/../../../../arm-none-eabi/lib/armv7e-m/softfp/libg_nano.a(lib_a-malloc.o)
                0x08008ac0                malloc
 .text.free     0x08008ad0       0x10 /usr/bin/../lib/gcc/arm-none-eabi/4.9.3/../../../../arm-none-eabi/lib/armv7e-m/softfp/libg_nano.a(lib_a-malloc.o)
                0x08008ad0                free
 .text.memcpy   0x08008ae0       0x16 /usr/bin/../lib/gcc/arm-none-eabi/4.9.3/../../../../arm-none-eabi/lib/armv7e-m/softfp/libg_nano.a(lib_a-memcpy.o)
                0x08008ae0                memcpy
 .text.memset   0x08008af6       0x10 /usr/bin/../lib/gcc/arm-none-eabi/4.9.3/../../../../arm-none-eabi/lib/armv7e-m/softfp/libg_nano.a(lib_a-memset.o)
                0x08008af6                memset
 *fill*         0x08008b06        0x2 
 .text._free_r  0x08008b08       0x88 /usr/bin/../lib/gcc/arm-none-eabi/4.9.3/../../../../arm-none-eabi/lib/armv7e-m/softfp/libg_nano.a(lib_a-nano-freer.o)
                0x08008b08                _free_r
 .text._malloc_r
                0x08008b90       0xac /usr/bin/../lib/gcc/arm-none-eabi/4.9.3/../../../../arm-none-eabi/lib/armv7e-m/softfp/libg_nano.a(lib_a-nano-mallocr.o)
                0x08008b90                _malloc_r
 .text._sbrk_r  0x08008c3c       0x20 /usr/bin/../lib/gcc/arm-none-eabi/4.9.3/../../../../arm-none-eabi/lib/armv7e-m/softfp/libg_nano.a(lib_a-sbrkr.o)
                0x08008c3c                _sbrk_r
 .text.strcat   0x08008c5c       0x1e /usr/bin/../lib/gcc/arm-none-eabi/4.9.3/../../../../arm-none-eabi/lib/armv7e-m/softfp/libg_nano.a(lib_a-strcat.o)
                0x08008c5c                strcat
 .text.strcpy   0x08008c7a       0x10 /usr/bin/../lib/gcc/arm-none-eabi/4.9.3/../../../../arm-none-eabi/lib/armv7e-m/softfp/libg_nano.a(lib_a-strcpy.o)
                0x08008c7a                strcpy
 .text.strlen   0x08008c8a       0x10 /usr/bin/../lib/gcc/arm-none-eabi/4.9.3/../../../../arm-none-eabi/lib/armv7e-m/softfp/libg_nano.a(lib_a-strlen.o)
                0x08008c8a                strlen
 .text._vsnprintf_r
                0x08008c9a       0x52 /usr/bin/../lib/gcc/arm-none-eabi/4.9.3/../../../../arm-none-eabi/lib/armv7e-m/softfp/libg_nano.a(lib_a-vsnprintf.o)
                0x08008c9a                _vsnprintf_r
                0x08008c9a                _vsniprintf_r
 .text.vsnprintf
                0x08008cec       0x20 /usr/bin/../lib/gcc/arm-none-eabi/4.9.3/../../../../arm-none-eabi/lib/armv7e-m/softfp/libg_nano.a(lib_a-vsnprintf.o)
                0x08008cec                vsnprintf
                0x08008cec                vsniprintf
 .text.__ssputs_r
                0x08008d0c       0xb2 /usr/bin/../lib/gcc/arm-none-eabi/4.9.3/../../../../arm-none-eabi/lib/armv7e-m/softfp/libg_nano.a(lib_a-nano-svfprintf.o)
                0x08008d0c                __ssputs_r
 *fill*         0x08008dbe        0x2 
 .text._svfprintf_r
                0x08008dc0      0x1e4 /usr/bin/../lib/gcc/arm-none-eabi/4.9.3/../../../../arm-none-eabi/lib/armv7e-m/softfp/libg_nano.a(lib_a-nano-svfprintf.o)
                0x08008dc0                _svfprintf_r
                0x08008dc0                _svfiprintf_r
 .text._printf_common
                0x08008fa4       0xea /usr/bin/../lib/gcc/arm-none-eabi/4.9.3/../../../../arm-none-eabi/lib/armv7e-m/softfp/libg_nano.a(lib_a-nano-vfprintf_i.o)
                0x08008fa4                _printf_common
 *fill*         0x0800908e        0x2 
 .text._printf_i
                0x08009090      0x240 /usr/bin/../lib/gcc/arm-none-eabi/4.9.3/../../../../arm-none-eabi/lib/armv7e-m/softfp/libg_nano.a(lib_a-nano-vfprintf_i.o)
                0x08009090                _printf_i
 .text.memchr   0x080092d0       0x1e /usr/bin/../lib/gcc/arm-none-eabi/4.9.3/../../../../arm-none-eabi/lib/armv7e-m/softfp/libg_nano.a(lib_a-memchr.o)
                0x080092d0                memchr
 .text.memmove  0x080092ee       0x36 /usr/bin/../lib/gcc/arm-none-eabi/4.9.3/../../../../arm-none-eabi/lib/armv7e-m/softfp/libg_nano.a(lib_a-memmove.o)
                0x080092ee                memmove
 .text._realloc_r
                0x08009324       0x4c /usr/bin/../lib/gcc/arm-none-eabi/4.9.3/../../../../arm-none-eabi/lib/armv7e-m/softfp/libg_nano.a(lib_a-nano-reallocr.o)
                0x08009324                _realloc_r
 .text._malloc_usable_size_r
                0x08009370       0x14 /usr/bin/../lib/gcc/arm-none-eabi/4.9.3/../../../../arm-none-eabi/lib/armv7e-m/softfp/libg_nano.a(lib_a-nano-msizer.o)
                0x08009370                _malloc_usable_size_r
 *(.rodata .rodata.* .constdata .constdata.*)
 .rodata.str1.4
                0x08009384       0x31 ./system/src/stm32f4-hal/stm32f4xx_hal_cortex.o
                                 0x34 (size before relaxing)
 *fill*         0x080093b5        0x3 
 .rodata.str1.4
                0x080093b8       0x30 ./system/src/stm32f4-hal/stm32f4xx_hal_flash.o
 .rodata.str1.4
                0x080093e8       0x33 ./system/src/stm32f4-hal/stm32f4xx_hal_flash_ex.o
                                 0x34 (size before relaxing)
 *fill*         0x0800941b        0x1 
 .rodata.str1.4
                0x0800941c       0x2f ./system/src/stm32f4-hal/stm32f4xx_hal_gpio.o
                                 0x30 (size before relaxing)
 *fill*         0x0800944b        0x1 
 .rodata.str1.4
                0x0800944c       0x2e ./system/src/stm32f4-hal/stm32f4xx_hal_hcd.o
                                 0x30 (size before relaxing)
 *fill*         0x0800947a        0x2 
 .rodata.APBAHBPrescTable
                0x0800947c       0x10 ./system/src/stm32f4-hal/stm32f4xx_hal_rcc.o
                0x0800947c                APBAHBPrescTable
 .rodata.str1.4
                0x0800948c       0x2e ./system/src/stm32f4-hal/stm32f4xx_hal_rcc.o
                                 0x30 (size before relaxing)
 *fill*         0x080094ba        0x2 
 .rodata.str1.4
                0x080094bc       0x14 ./system/src/newlib/_exit.o
 .rodata.str1.4
                0x080094d0       0x6b ./system/src/newlib/assert.o
                                 0x70 (size before relaxing)
 *fill*         0x0800953b        0x1 
 .rodata.str1.4
                0x0800953c       0x29 ./system/src/diag/Trace.o
                                 0x30 (size before relaxing)
 *fill*         0x08009565        0x3 
 .rodata.str1.4
                0x08009568      0x146 ./system/src/cortexm/exception_handlers.o
                                0x148 (size before relaxing)
 *fill*         0x080096ae        0x2 
 .rodata.str1.4
                0x080096b0        0x4 ./src/usb/MSC/Src/usbh_msc.o
 .rodata        0x080096b4       0x1c ./src/usb/Core/Src/usbh_core.o
 .rodata.str1.4
                0x080096d0        0xc ./src/usb/Core/Src/usbh_core.o
 .rodata.ExCvt  0x080096dc       0x80 ./src/fat/src/ff.o
 .rodata.str1.4
                0x0800975c       0x44 ./src/fat/src/ff.o
 .rodata.str1.4
                0x080097a0        0x5 ./src/FreeRTOS/Source/tasks.o
                                  0x8 (size before relaxing)
 *fill*         0x080097a5        0x3 
 .rodata.str1.4
                0x080097a8       0x96 ./src/EventLogger/Src/EventLogger.o
                                 0x98 (size before relaxing)
 *fill*         0x0800983e        0x2 
 .rodata        0x08009840       0x14 ./src/EventLogger/Src/EventLogger_conf.o
 .rodata.str1.4
                0x08009854       0x7e ./src/EventLogger/Src/EventLogger_conf.o
                                 0x80 (size before relaxing)
 *fill*         0x080098d2        0x2 
 .rodata        0x080098d4       0x14 ./src/main.o
 .rodata.str1.4
                0x080098e8       0x2c ./src/main.o
 .rodata.GPIO_PIN
                0x08009914        0x8 ./src/stm32f4_discovery.o
                0x08009914                GPIO_PIN
 .rodata.str1.1
                0x0800991c        0x2 /usr/bin/../lib/gcc/arm-none-eabi/4.9.3/../../../../arm-none-eabi/lib/armv7e-m/softfp/libg_nano.a(lib_a-impure.o)
 .rodata.str1.1
                0x0800991e       0x11 /usr/bin/../lib/gcc/arm-none-eabi/4.9.3/../../../../arm-none-eabi/lib/armv7e-m/softfp/libg_nano.a(lib_a-nano-svfprintf.o)
 .rodata.str1.1
                0x0800992f       0x22 /usr/bin/../lib/gcc/arm-none-eabi/4.9.3/../../../../arm-none-eabi/lib/armv7e-m/softfp/libg_nano.a(lib_a-nano-vfprintf_i.o)
 *(vtable)
 *(.eh_frame*)
 *(.glue_7)
 .glue_7        0x00000000        0x0 linker stubs
 *(.glue_7t)
 .glue_7t       0x00000000        0x0 linker stubs

.vfp11_veneer   0x08009954        0x0
 .vfp11_veneer  0x00000000        0x0 linker stubs

.v4_bx          0x08009954        0x0
 .v4_bx         0x00000000        0x0 linker stubs

.iplt           0x08009954        0x0
 .iplt          0x00000000        0x0 ./system/src/stm32f4-hal/stm32f4xx_hal.o

.rel.dyn        0x08009954        0x0
 .rel.iplt      0x00000000        0x0 ./system/src/stm32f4-hal/stm32f4xx_hal.o

.ARM.extab
 *(.ARM.extab* .gnu.linkonce.armextab.*)
                0x08009954                . = ALIGN (0x4)
                0x08009954                __exidx_start = .

.ARM.exidx
 *(.ARM.exidx* .gnu.linkonce.armexidx.*)
                0x08009954                __exidx_end = .
                0x08009954                . = ALIGN (0x4)
                0x08009954                _etext = .
                0x08009954                __etext = .

.data_CCMRAM    0x10000000        0x0 load address 0x08009954
 FILL mask 0xff
 *(.data.CCMRAM .data.CCMRAM.*)
                0x10000000                . = ALIGN (0x4)
                0x08009954                _sidata = LOADADDR (.data)

.data           0x20000000       0xd4 load address 0x08009954
 FILL mask 0xff
                0x20000000                _sdata = .
                0x20000000                __data_start__ = .
 *(.data_begin .data_begin.*)
 .data_begin    0x20000000        0x4 ./system/src/newlib/_startup.o
 *(.data .data.*)
 .data.argv.4062
                0x20000004        0x8 ./system/src/newlib/_syscalls.o
 .data.SystemCoreClock
                0x2000000c        0x4 ./system/src/cmsis/system_stm32f4xx.o
                0x2000000c                SystemCoreClock
 .data.USBH_msc
                0x20000010       0x20 ./src/usb/MSC/Src/usbh_msc.o
                0x20000010                USBH_msc
 .data.USBH_Driver
                0x20000030       0x14 ./src/fat/src/usbh_diskio.o
                0x20000030                USBH_Driver
 .data.uxCriticalNesting
                0x20000044        0x4 ./src/FreeRTOS/Source/portable/GCC/ARM_CM4F/port.o
 .data.xNextTaskUnblockTime
                0x20000048        0x4 ./src/FreeRTOS/Source/tasks.o
 .data.LOG_Interface
                0x2000004c        0xc ./src/EventLogger/Src/EventLogger_conf.o
                0x2000004c                LOG_Interface
 .data.GPIO_PORT
                0x20000058       0x10 ./src/stm32f4_discovery.o
                0x20000058                GPIO_PORT
 .data.BUTTON_PORT
                0x20000068        0x4 ./src/stm32f4_discovery.o
                0x20000068                BUTTON_PORT
 .data.impure_data
                0x2000006c       0x60 /usr/bin/../lib/gcc/arm-none-eabi/4.9.3/../../../../arm-none-eabi/lib/armv7e-m/softfp/libg_nano.a(lib_a-impure.o)
 .data._impure_ptr
                0x200000cc        0x4 /usr/bin/../lib/gcc/arm-none-eabi/4.9.3/../../../../arm-none-eabi/lib/armv7e-m/softfp/libg_nano.a(lib_a-impure.o)
                0x200000cc                _impure_ptr
 *(.data_end .data_end.*)
 .data_end      0x200000d0        0x4 ./system/src/newlib/_startup.o
                0x200000d4                . = ALIGN (0x4)
                0x200000d4                _edata = .
                0x200000d4                __data_end__ = .

.igot.plt       0x200000d4        0x0 load address 0x08009a28
 .igot.plt      0x00000000        0x0 ./system/src/stm32f4-hal/stm32f4xx_hal.o

.bss_CCMRAM     0x10000000        0x0
 *(.bss.CCMRAM .bss.CCMRAM.*)

.bss            0x200000d4     0x4988
                0x200000d4                __bss_start__ = .
                0x200000d4                _sbss = .
 *(.bss_begin .bss_begin.*)
 .bss_begin     0x200000d4        0x4 ./system/src/newlib/_startup.o
 *(.bss .bss.*)
 .bss.uwTick    0x200000d8        0x4 ./system/src/stm32f4-hal/stm32f4xx_hal.o
 .bss.current_heap_end.3856
                0x200000dc        0x4 ./system/src/newlib/_sbrk.o
 .bss.name.4061
                0x200000e0        0x4 ./system/src/newlib/_syscalls.o
 .bss.buf.4992  0x200000e4       0x80 ./system/src/diag/Trace.o
 .bss.Files     0x20000164       0x18 ./src/fat/src/ff.o
 .bss.Fsid      0x2000017c        0x2 ./src/fat/src/ff.o
 *fill*         0x2000017e        0x2 
 .bss.FatFs     0x20000180        0x4 ./src/fat/src/ff.o
 .bss.disk      0x20000184        0xc ./src/fat/src/ff_gen_drv.o
                0x20000184                disk
 .bss.time_enabled
                0x20000190        0x1 ./src/Sys_Timer/Src/clock.o
 *fill*         0x20000191        0x3 
 .bss.xFreeBytesRemaining
                0x20000194        0x4 ./src/FreeRTOS/Source/portable/MemMang/heap_4.o
 .bss.pxEnd     0x20000198        0x4 ./src/FreeRTOS/Source/portable/MemMang/heap_4.o
 .bss.xStart    0x2000019c        0x8 ./src/FreeRTOS/Source/portable/MemMang/heap_4.o
 .bss.ucHeap    0x200001a4     0x3c00 ./src/FreeRTOS/Source/portable/MemMang/heap_4.o
 .bss.xBlockAllocatedBit
                0x20003da4        0x4 ./src/FreeRTOS/Source/portable/MemMang/heap_4.o
 .bss.xMinimumEverFreeBytesRemaining
                0x20003da8        0x4 ./src/FreeRTOS/Source/portable/MemMang/heap_4.o
 .bss.ucMaxSysCallPriority
                0x20003dac        0x1 ./src/FreeRTOS/Source/portable/GCC/ARM_CM4F/port.o
 *fill*         0x20003dad        0x3 
 .bss.ulMaxPRIGROUPValue
                0x20003db0        0x4 ./src/FreeRTOS/Source/portable/GCC/ARM_CM4F/port.o
 .bss.pxDelayedTaskList
                0x20003db4        0x4 ./src/FreeRTOS/Source/tasks.o
 .bss.xSchedulerRunning
                0x20003db8        0x4 ./src/FreeRTOS/Source/tasks.o
 .bss.uxTasksDeleted
                0x20003dbc        0x4 ./src/FreeRTOS/Source/tasks.o
 .bss.xTasksWaitingTermination
                0x20003dc0       0x14 ./src/FreeRTOS/Source/tasks.o
 .bss.xDelayedTaskList2
                0x20003dd4       0x14 ./src/FreeRTOS/Source/tasks.o
 .bss.uxPendedTicks
                0x20003de8        0x4 ./src/FreeRTOS/Source/tasks.o
 .bss.pxReadyTasksLists
                0x20003dec       0x8c ./src/FreeRTOS/Source/tasks.o
 .bss.uxSchedulerSuspended
                0x20003e78        0x4 ./src/FreeRTOS/Source/tasks.o
 .bss.uxCurrentNumberOfTasks
                0x20003e7c        0x4 ./src/FreeRTOS/Source/tasks.o
 .bss.pxCurrentTCB
                0x20003e80        0x4 ./src/FreeRTOS/Source/tasks.o
                0x20003e80                pxCurrentTCB
 .bss.xPendingReadyList
                0x20003e84       0x14 ./src/FreeRTOS/Source/tasks.o
 .bss.xNumOfOverflows
                0x20003e98        0x4 ./src/FreeRTOS/Source/tasks.o
 .bss.xTickCount
                0x20003e9c        0x4 ./src/FreeRTOS/Source/tasks.o
 .bss.pxOverflowDelayedTaskList
                0x20003ea0        0x4 ./src/FreeRTOS/Source/tasks.o
 .bss.uxTaskNumber
                0x20003ea4        0x4 ./src/FreeRTOS/Source/tasks.o
 .bss.xDelayedTaskList1
                0x20003ea8       0x14 ./src/FreeRTOS/Source/tasks.o
 .bss.xSuspendedTaskList
                0x20003ebc       0x14 ./src/FreeRTOS/Source/tasks.o
 .bss.uxTopReadyPriority
                0x20003ed0        0x4 ./src/FreeRTOS/Source/tasks.o
 .bss.xYieldPending
                0x20003ed4        0x4 ./src/FreeRTOS/Source/tasks.o
 .bss.OK        0x20003ed8        0x4 ./src/EventLogger/Src/EventLogger_conf.o
                0x20003ed8                OK
 .bss.LogsStored_Flash
                0x20003edc        0x4 ./src/EventLogger/Src/EventLogger_conf.o
                0x20003edc                LogsStored_Flash
 .bss.LogsToStore_USB
                0x20003ee0        0x4 ./src/EventLogger/Src/EventLogger_conf.o
                0x20003ee0                LogsToStore_USB
 .bss.STOP      0x20003ee4        0x4 ./src/EventLogger/Src/EventLogger_conf.o
                0x20003ee4                STOP
 .bss.__malloc_sbrk_start
                0x20003ee8        0x4 /usr/bin/../lib/gcc/arm-none-eabi/4.9.3/../../../../arm-none-eabi/lib/armv7e-m/softfp/libg_nano.a(lib_a-nano-mallocr.o)
                0x20003ee8                __malloc_sbrk_start
 .bss.__malloc_free_list
                0x20003eec        0x4 /usr/bin/../lib/gcc/arm-none-eabi/4.9.3/../../../../arm-none-eabi/lib/armv7e-m/softfp/libg_nano.a(lib_a-nano-mallocr.o)
                0x20003eec                __malloc_free_list
 *(COMMON)
 COMMON         0x20003ef0       0x20 ./system/src/stm32f4-hal/stm32f4xx_hal_flash.o
                0x20003ef0                pFlash
 COMMON         0x20003f10        0x4 ./system/src/newlib/_syscalls.o
                0x20003f10                errno
 COMMON         0x20003f14      0x290 ./src/usb/Core/Src/usbh_conf.o
                0x20003f14                hHCD
 COMMON         0x200041a4       0x14 ./src/Sys_Timer/Src/clock.o
                0x200041a4                _timeout
                0x200041a8                _sys_time
                0x200041b4                _count
 COMMON         0x200041b8       0x9c ./src/EventLogger/Src/EventLogger.o
                0x200041b8                Log_Mutex
                0x200041bc                LOG_HANDLE
                0x200041d4                LogMsg
 COMMON         0x20004254      0x804 ./src/EventLogger/Src/EventLogger_conf.o
                0x20004254                USBDISKPath
                0x20004258                FlashUSBID
                0x2000425c                USBDISKFatFs
                0x2000448c                hUSB_Host
                0x2000482c                log_file
 *(.bss_end .bss_end.*)
 .bss_end       0x20004a58        0x4 ./system/src/newlib/_startup.o
                0x20004a5c                . = ALIGN (0x4)
                0x20004a5c                __bss_end__ = .
                0x20004a5c                _ebss = .

.noinit_CCMRAM
 *(.noinit.CCMRAM .noinit.CCMRAM.*)

.noinit         0x20004a5c        0x0
                0x20004a5c                _noinit = .
 *(.noinit .noinit.*)
                0x20004a5c                . = ALIGN (0x4)
                0x20004a5c                _end_noinit = .
                0x20004a5c                PROVIDE (end, _end_noinit)
                0x20004a5c                PROVIDE (_end, _end_noinit)
                0x20004a5c                PROVIDE (__end, _end_noinit)
                0x20004a5c                PROVIDE (__end__, _end_noinit)

._check_stack   0x20004a5c      0x100
                0x20004b5c                . = (. + _Minimum_Stack_Size)
 *fill*         0x20004a5c      0x100 

.b1text
 *(.b1text)
 *(.b1rodata)
 *(.b1rodata.*)

.eb0text
 *(.eb0text)
 *(.eb0rodata)
 *(.eb0rodata.*)

.eb1text
 *(.eb1text)
 *(.eb1rodata)
 *(.eb1rodata.*)

.eb2text
 *(.eb2text)
 *(.eb2rodata)
 *(.eb2rodata.*)

.eb3text
 *(.eb3text)
 *(.eb3rodata)
 *(.eb3rodata.*)

.stab
 *(.stab)

.stabstr
 *(.stabstr)

.stab.excl
 *(.stab.excl)

.stab.exclstr
 *(.stab.exclstr)

.stab.index
 *(.stab.index)

.stab.indexstr
 *(.stab.indexstr)

.comment        0x00000000       0x70
 *(.comment)
 .comment       0x00000000       0x70 ./system/src/stm32f4-hal/stm32f4xx_hal.o
                                 0x71 (size before relaxing)
 .comment       0x00000000       0x71 ./system/src/stm32f4-hal/stm32f4xx_hal_cortex.o
 .comment       0x00000000       0x71 ./system/src/stm32f4-hal/stm32f4xx_hal_flash.o
 .comment       0x00000000       0x71 ./system/src/stm32f4-hal/stm32f4xx_hal_flash_ex.o
 .comment       0x00000000       0x71 ./system/src/stm32f4-hal/stm32f4xx_hal_gpio.o
 .comment       0x00000000       0x71 ./system/src/stm32f4-hal/stm32f4xx_hal_hcd.o
 .comment       0x00000000       0x71 ./system/src/stm32f4-hal/stm32f4xx_hal_rcc.o
 .comment       0x00000000       0x71 ./system/src/stm32f4-hal/stm32f4xx_ll_usb.o
 .comment       0x00000000       0x71 ./system/src/newlib/_exit.o
 .comment       0x00000000       0x71 ./system/src/newlib/_sbrk.o
 .comment       0x00000000       0x71 ./system/src/newlib/_startup.o
 .comment       0x00000000       0x71 ./system/src/newlib/_syscalls.o
 .comment       0x00000000       0x71 ./system/src/newlib/assert.o
 .comment       0x00000000       0x71 ./system/src/diag/Trace.o
 .comment       0x00000000       0x71 ./system/src/diag/trace_impl.o
 .comment       0x00000000       0x71 ./system/src/cortexm/_initialize_hardware.o
 .comment       0x00000000       0x71 ./system/src/cortexm/exception_handlers.o
 .comment       0x00000000       0x71 ./system/src/cmsis/system_stm32f4xx.o
 .comment       0x00000000       0x71 ./system/src/cmsis/vectors_stm32f4xx.o
 .comment       0x00000000       0x71 ./src/usb/MSC/Src/usbh_msc.o
 .comment       0x00000000       0x71 ./src/usb/MSC/Src/usbh_msc_bot.o
 .comment       0x00000000       0x71 ./src/usb/MSC/Src/usbh_msc_scsi.o
 .comment       0x00000000       0x71 ./src/usb/Core/Src/usbh_conf.o
 .comment       0x00000000       0x71 ./src/usb/Core/Src/usbh_core.o
 .comment       0x00000000       0x71 ./src/usb/Core/Src/usbh_ctlreq.o
 .comment       0x00000000       0x71 ./src/usb/Core/Src/usbh_ioreq.o
 .comment       0x00000000       0x71 ./src/usb/Core/Src/usbh_pipes.o
 .comment       0x00000000       0x71 ./src/fat/src/diskio.o
 .comment       0x00000000       0x71 ./src/fat/src/ff.o
 .comment       0x00000000       0x71 ./src/fat/src/ff_gen_drv.o
 .comment       0x00000000       0x71 ./src/fat/src/usbh_diskio.o
 .comment       0x00000000       0x71 ./src/Sys_Timer/Src/clock.o
 .comment       0x00000000       0x71 ./src/FreeRTOS/Source/portable/MemMang/heap_4.o
 .comment       0x00000000       0x71 ./src/FreeRTOS/Source/portable/GCC/ARM_CM4F/port.o
 .comment       0x00000000       0x71 ./src/FreeRTOS/Source/CMSIS_RTOS/cmsis_os.o
 .comment       0x00000000       0x71 ./src/FreeRTOS/Source/list.o
 .comment       0x00000000       0x71 ./src/FreeRTOS/Source/queue.o
 .comment       0x00000000       0x71 ./src/FreeRTOS/Source/tasks.o
 .comment       0x00000000       0x71 ./src/EventLogger/Src/EventLogger.o
 .comment       0x00000000       0x71 ./src/EventLogger/Src/EventLogger_conf.o
 .comment       0x00000000       0x71 ./src/_initialize_hardware.o
 .comment       0x00000000       0x71 ./src/main.o
 .comment       0x00000000       0x71 ./src/stm32f4_discovery.o
 .comment       0x00000000       0x71 ./src/stm32f4xx_it.o

.ARM.attributes
                0x00000000       0x37
 .ARM.attributes
                0x00000000       0x37 ./system/src/stm32f4-hal/stm32f4xx_hal.o
 .ARM.attributes
                0x00000037       0x37 ./system/src/stm32f4-hal/stm32f4xx_hal_cortex.o
 .ARM.attributes
                0x0000006e       0x37 ./system/src/stm32f4-hal/stm32f4xx_hal_flash.o
 .ARM.attributes
                0x000000a5       0x37 ./system/src/stm32f4-hal/stm32f4xx_hal_flash_ex.o
 .ARM.attributes
                0x000000dc       0x37 ./system/src/stm32f4-hal/stm32f4xx_hal_gpio.o
 .ARM.attributes
                0x00000113       0x37 ./system/src/stm32f4-hal/stm32f4xx_hal_hcd.o
 .ARM.attributes
                0x0000014a       0x37 ./system/src/stm32f4-hal/stm32f4xx_hal_rcc.o
 .ARM.attributes
                0x00000181       0x37 ./system/src/stm32f4-hal/stm32f4xx_ll_usb.o
 .ARM.attributes
                0x000001b8       0x37 ./system/src/newlib/_exit.o
 .ARM.attributes
                0x000001ef       0x37 ./system/src/newlib/_sbrk.o
 .ARM.attributes
                0x00000226       0x37 ./system/src/newlib/_startup.o
 .ARM.attributes
                0x0000025d       0x37 ./system/src/newlib/_syscalls.o
 .ARM.attributes
                0x00000294       0x37 ./system/src/newlib/assert.o
 .ARM.attributes
                0x000002cb       0x37 ./system/src/diag/Trace.o
 .ARM.attributes
                0x00000302       0x37 ./system/src/diag/trace_impl.o
 .ARM.attributes
                0x00000339       0x37 ./system/src/cortexm/_initialize_hardware.o
 .ARM.attributes
                0x00000370       0x37 ./system/src/cortexm/exception_handlers.o
 .ARM.attributes
                0x000003a7       0x37 ./system/src/cmsis/system_stm32f4xx.o
 .ARM.attributes
                0x000003de       0x37 ./system/src/cmsis/vectors_stm32f4xx.o
 .ARM.attributes
                0x00000415       0x37 ./src/usb/MSC/Src/usbh_msc.o
 .ARM.attributes
                0x0000044c       0x37 ./src/usb/MSC/Src/usbh_msc_bot.o
 .ARM.attributes
                0x00000483       0x37 ./src/usb/MSC/Src/usbh_msc_scsi.o
 .ARM.attributes
                0x000004ba       0x37 ./src/usb/Core/Src/usbh_conf.o
 .ARM.attributes
                0x000004f1       0x37 ./src/usb/Core/Src/usbh_core.o
 .ARM.attributes
                0x00000528       0x37 ./src/usb/Core/Src/usbh_ctlreq.o
 .ARM.attributes
                0x0000055f       0x37 ./src/usb/Core/Src/usbh_ioreq.o
 .ARM.attributes
                0x00000596       0x37 ./src/usb/Core/Src/usbh_pipes.o
 .ARM.attributes
                0x000005cd       0x37 ./src/fat/src/diskio.o
 .ARM.attributes
                0x00000604       0x37 ./src/fat/src/ff.o
 .ARM.attributes
                0x0000063b       0x37 ./src/fat/src/ff_gen_drv.o
 .ARM.attributes
                0x00000672       0x37 ./src/fat/src/usbh_diskio.o
 .ARM.attributes
                0x000006a9       0x37 ./src/Sys_Timer/Src/clock.o
 .ARM.attributes
                0x000006e0       0x37 ./src/FreeRTOS/Source/portable/MemMang/heap_4.o
 .ARM.attributes
                0x00000717       0x37 ./src/FreeRTOS/Source/portable/GCC/ARM_CM4F/port.o
 .ARM.attributes
                0x0000074e       0x37 ./src/FreeRTOS/Source/CMSIS_RTOS/cmsis_os.o
 .ARM.attributes
                0x00000785       0x37 ./src/FreeRTOS/Source/list.o
 .ARM.attributes
                0x000007bc       0x37 ./src/FreeRTOS/Source/queue.o
 .ARM.attributes
                0x000007f3       0x37 ./src/FreeRTOS/Source/tasks.o
 .ARM.attributes
                0x0000082a       0x37 ./src/EventLogger/Src/EventLogger.o
 .ARM.attributes
                0x00000861       0x37 ./src/EventLogger/Src/EventLogger_conf.o
 .ARM.attributes
                0x00000898       0x37 ./src/_initialize_hardware.o
 .ARM.attributes
                0x000008cf       0x37 ./src/main.o
 .ARM.attributes
                0x00000906       0x37 ./src/stm32f4_discovery.o
 .ARM.attributes
                0x0000093d       0x37 ./src/stm32f4xx_it.o
 .ARM.attributes
                0x00000974       0x32 /usr/bin/../lib/gcc/arm-none-eabi/4.9.3/../../../../arm-none-eabi/lib/armv7e-m/softfp/libg_nano.a(lib_a-errno.o)
 .ARM.attributes
                0x000009a6       0x32 /usr/bin/../lib/gcc/arm-none-eabi/4.9.3/../../../../arm-none-eabi/lib/armv7e-m/softfp/libg_nano.a(lib_a-impure.o)
 .ARM.attributes
                0x000009d8       0x32 /usr/bin/../lib/gcc/arm-none-eabi/4.9.3/../../../../arm-none-eabi/lib/armv7e-m/softfp/libg_nano.a(lib_a-malloc.o)
 .ARM.attributes
                0x00000a0a       0x32 /usr/bin/../lib/gcc/arm-none-eabi/4.9.3/../../../../arm-none-eabi/lib/armv7e-m/softfp/libg_nano.a(lib_a-memcpy.o)
 .ARM.attributes
                0x00000a3c       0x32 /usr/bin/../lib/gcc/arm-none-eabi/4.9.3/../../../../arm-none-eabi/lib/armv7e-m/softfp/libg_nano.a(lib_a-memset.o)
 .ARM.attributes
                0x00000a6e       0x32 /usr/bin/../lib/gcc/arm-none-eabi/4.9.3/../../../../arm-none-eabi/lib/armv7e-m/softfp/libg_nano.a(lib_a-nano-freer.o)
 .ARM.attributes
                0x00000aa0       0x32 /usr/bin/../lib/gcc/arm-none-eabi/4.9.3/../../../../arm-none-eabi/lib/armv7e-m/softfp/libg_nano.a(lib_a-nano-mallocr.o)
 .ARM.attributes
                0x00000ad2       0x32 /usr/bin/../lib/gcc/arm-none-eabi/4.9.3/../../../../arm-none-eabi/lib/armv7e-m/softfp/libg_nano.a(lib_a-sbrkr.o)
 .ARM.attributes
                0x00000b04       0x32 /usr/bin/../lib/gcc/arm-none-eabi/4.9.3/../../../../arm-none-eabi/lib/armv7e-m/softfp/libg_nano.a(lib_a-strcat.o)
 .ARM.attributes
                0x00000b36       0x32 /usr/bin/../lib/gcc/arm-none-eabi/4.9.3/../../../../arm-none-eabi/lib/armv7e-m/softfp/libg_nano.a(lib_a-strcpy.o)
 .ARM.attributes
                0x00000b68       0x32 /usr/bin/../lib/gcc/arm-none-eabi/4.9.3/../../../../arm-none-eabi/lib/armv7e-m/softfp/libg_nano.a(lib_a-strlen.o)
 .ARM.attributes
                0x00000b9a       0x32 /usr/bin/../lib/gcc/arm-none-eabi/4.9.3/../../../../arm-none-eabi/lib/armv7e-m/softfp/libg_nano.a(lib_a-vsnprintf.o)
 .ARM.attributes
                0x00000bcc       0x32 /usr/bin/../lib/gcc/arm-none-eabi/4.9.3/../../../../arm-none-eabi/lib/armv7e-m/softfp/libg_nano.a(lib_a-nano-svfprintf.o)
 .ARM.attributes
                0x00000bfe       0x32 /usr/bin/../lib/gcc/arm-none-eabi/4.9.3/../../../../arm-none-eabi/lib/armv7e-m/softfp/libg_nano.a(lib_a-nano-vfprintf_i.o)
 .ARM.attributes
                0x00000c30       0x32 /usr/bin/../lib/gcc/arm-none-eabi/4.9.3/../../../../arm-none-eabi/lib/armv7e-m/softfp/libg_nano.a(lib_a-memchr.o)
 .ARM.attributes
                0x00000c62       0x32 /usr/bin/../lib/gcc/arm-none-eabi/4.9.3/../../../../arm-none-eabi/lib/armv7e-m/softfp/libg_nano.a(lib_a-memmove.o)
 .ARM.attributes
                0x00000c94       0x32 /usr/bin/../lib/gcc/arm-none-eabi/4.9.3/../../../../arm-none-eabi/lib/armv7e-m/softfp/libg_nano.a(lib_a-nano-reallocr.o)
 .ARM.attributes
                0x00000cc6       0x32 /usr/bin/../lib/gcc/arm-none-eabi/4.9.3/../../../../arm-none-eabi/lib/armv7e-m/softfp/libg_nano.a(lib_a-nano-msizer.o)

.debug
 *(.debug)

.line
 *(.line)

.debug_srcinfo
 *(.debug_srcinfo)

.debug_sfnames
 *(.debug_sfnames)

.debug_aranges  0x00000000     0x15d8
 *(.debug_aranges)
 .debug_aranges
                0x00000000       0xc0 ./system/src/stm32f4-hal/stm32f4xx_hal.o
 .debug_aranges
                0x000000c0       0x90 ./system/src/stm32f4-hal/stm32f4xx_hal_cortex.o
 .debug_aranges
                0x00000150       0xa0 ./system/src/stm32f4-hal/stm32f4xx_hal_flash.o
 .debug_aranges
                0x000001f0       0x90 ./system/src/stm32f4-hal/stm32f4xx_hal_flash_ex.o
 .debug_aranges
                0x00000280       0x58 ./system/src/stm32f4-hal/stm32f4xx_hal_gpio.o
 .debug_aranges
                0x000002d8       0xe0 ./system/src/stm32f4-hal/stm32f4xx_hal_hcd.o
 .debug_aranges
                0x000003b8       0x88 ./system/src/stm32f4-hal/stm32f4xx_hal_rcc.o
 .debug_aranges
                0x00000440      0x180 ./system/src/stm32f4-hal/stm32f4xx_ll_usb.o
 .debug_aranges
                0x000005c0       0x28 ./system/src/newlib/_exit.o
 .debug_aranges
                0x000005e8       0x20 ./system/src/newlib/_sbrk.o
 .debug_aranges
                0x00000608       0x40 ./system/src/newlib/_startup.o
 .debug_aranges
                0x00000648       0x30 ./system/src/newlib/_syscalls.o
 .debug_aranges
                0x00000678       0x28 ./system/src/newlib/assert.o
 .debug_aranges
                0x000006a0       0x38 ./system/src/diag/Trace.o
 .debug_aranges
                0x000006d8       0x30 ./system/src/diag/trace_impl.o
 .debug_aranges
                0x00000708       0x28 ./system/src/cortexm/_initialize_hardware.o
 .debug_aranges
                0x00000730       0x88 ./system/src/cortexm/exception_handlers.o
 .debug_aranges
                0x000007b8       0x28 ./system/src/cmsis/system_stm32f4xx.o
 .debug_aranges
                0x000007e0       0x20 ./system/src/cmsis/vectors_stm32f4xx.o
 .debug_aranges
                0x00000800       0x78 ./src/usb/MSC/Src/usbh_msc.o
 .debug_aranges
                0x00000878       0x48 ./src/usb/MSC/Src/usbh_msc_bot.o
 .debug_aranges
                0x000008c0       0x48 ./src/usb/MSC/Src/usbh_msc_scsi.o
 .debug_aranges
                0x00000908       0xc0 ./src/usb/Core/Src/usbh_conf.o
 .debug_aranges
                0x000009c8       0xb8 ./src/usb/Core/Src/usbh_core.o
 .debug_aranges
                0x00000a80       0x98 ./src/usb/Core/Src/usbh_ctlreq.o
 .debug_aranges
                0x00000b18       0x60 ./src/usb/Core/Src/usbh_ioreq.o
 .debug_aranges
                0x00000b78       0x40 ./src/usb/Core/Src/usbh_pipes.o
 .debug_aranges
                0x00000bb8       0x48 ./src/fat/src/diskio.o
 .debug_aranges
                0x00000c00      0x1e8 ./src/fat/src/ff.o
 .debug_aranges
                0x00000de8       0x30 ./src/fat/src/ff_gen_drv.o
 .debug_aranges
                0x00000e18       0x40 ./src/fat/src/usbh_diskio.o
 .debug_aranges
                0x00000e58       0x58 ./src/Sys_Timer/Src/clock.o
 .debug_aranges
                0x00000eb0       0x50 ./src/FreeRTOS/Source/portable/MemMang/heap_4.o
 .debug_aranges
                0x00000f00       0x98 ./src/FreeRTOS/Source/portable/GCC/ARM_CM4F/port.o
 .debug_aranges
                0x00000f98      0x170 ./src/FreeRTOS/Source/CMSIS_RTOS/cmsis_os.o
 .debug_aranges
                0x00001108       0x40 ./src/FreeRTOS/Source/list.o
 .debug_aranges
                0x00001148       0xf0 ./src/FreeRTOS/Source/queue.o
 .debug_aranges
                0x00001238      0x178 ./src/FreeRTOS/Source/tasks.o
 .debug_aranges
                0x000013b0       0x38 ./src/EventLogger/Src/EventLogger.o
 .debug_aranges
                0x000013e8       0x48 ./src/EventLogger/Src/EventLogger_conf.o
 .debug_aranges
                0x00001430       0x28 ./src/_initialize_hardware.o
 .debug_aranges
                0x00001458       0x50 ./src/main.o
 .debug_aranges
                0x000014a8       0xd0 ./src/stm32f4_discovery.o
 .debug_aranges
                0x00001578       0x60 ./src/stm32f4xx_it.o

.debug_pubnames
 *(.debug_pubnames)

.debug_info     0x00000000    0x21beb
 *(.debug_info .gnu.linkonce.wi.*)
 .debug_info    0x00000000      0x997 ./system/src/stm32f4-hal/stm32f4xx_hal.o
 .debug_info    0x00000997      0xe1d ./system/src/stm32f4-hal/stm32f4xx_hal_cortex.o
 .debug_info    0x000017b4      0x75f ./system/src/stm32f4-hal/stm32f4xx_hal_flash.o
 .debug_info    0x00001f13      0xa6b ./system/src/stm32f4-hal/stm32f4xx_hal_flash_ex.o
 .debug_info    0x0000297e      0x830 ./system/src/stm32f4-hal/stm32f4xx_hal_gpio.o
 .debug_info    0x000031ae     0x11db ./system/src/stm32f4-hal/stm32f4xx_hal_hcd.o
 .debug_info    0x00004389     0x12a7 ./system/src/stm32f4-hal/stm32f4xx_hal_rcc.o
 .debug_info    0x00005630     0x1630 ./system/src/stm32f4-hal/stm32f4xx_ll_usb.o
 .debug_info    0x00006c60      0x100 ./system/src/newlib/_exit.o
 .debug_info    0x00006d60      0x125 ./system/src/newlib/_sbrk.o
 .debug_info    0x00006e85      0x50f ./system/src/newlib/_startup.o
 .debug_info    0x00007394      0x1a9 ./system/src/newlib/_syscalls.o
 .debug_info    0x0000753d      0x1b0 ./system/src/newlib/assert.o
 .debug_info    0x000076ed      0x32b ./system/src/diag/Trace.o
 .debug_info    0x00007a18      0x3d2 ./system/src/diag/trace_impl.o
 .debug_info    0x00007dea      0x289 ./system/src/cortexm/_initialize_hardware.o
 .debug_info    0x00008073      0x7b0 ./system/src/cortexm/exception_handlers.o
 .debug_info    0x00008823      0x486 ./system/src/cmsis/system_stm32f4xx.o
 .debug_info    0x00008ca9       0xd1 ./system/src/cmsis/vectors_stm32f4xx.o
 .debug_info    0x00008d7a     0x187f ./src/usb/MSC/Src/usbh_msc.o
 .debug_info    0x0000a5f9     0x1433 ./src/usb/MSC/Src/usbh_msc_bot.o
 .debug_info    0x0000ba2c     0x122b ./src/usb/MSC/Src/usbh_msc_scsi.o
 .debug_info    0x0000cc57     0x1b0c ./src/usb/Core/Src/usbh_conf.o
 .debug_info    0x0000e763     0x17fd ./src/usb/Core/Src/usbh_core.o
 .debug_info    0x0000ff60     0x13ae ./src/usb/Core/Src/usbh_ctlreq.o
 .debug_info    0x0001130e      0xde2 ./src/usb/Core/Src/usbh_ioreq.o
 .debug_info    0x000120f0      0xaa6 ./src/usb/Core/Src/usbh_pipes.o
 .debug_info    0x00012b96      0x424 ./src/fat/src/diskio.o
 .debug_info    0x00012fba     0x35b3 ./src/fat/src/ff.o
 .debug_info    0x0001656d      0x305 ./src/fat/src/ff_gen_drv.o
 .debug_info    0x00016872      0xf86 ./src/fat/src/usbh_diskio.o
 .debug_info    0x000177f8      0x2fe ./src/Sys_Timer/Src/clock.o
 .debug_info    0x00017af6      0x39b ./src/FreeRTOS/Source/portable/MemMang/heap_4.o
 .debug_info    0x00017e91      0x3ef ./src/FreeRTOS/Source/portable/GCC/ARM_CM4F/port.o
 .debug_info    0x00018280     0x16dc ./src/FreeRTOS/Source/CMSIS_RTOS/cmsis_os.o
 .debug_info    0x0001995c      0x296 ./src/FreeRTOS/Source/list.o
 .debug_info    0x00019bf2     0x1450 ./src/FreeRTOS/Source/queue.o
 .debug_info    0x0001b042     0x1be4 ./src/FreeRTOS/Source/tasks.o
 .debug_info    0x0001cc26      0xbe5 ./src/EventLogger/Src/EventLogger.o
 .debug_info    0x0001d80b     0x17b7 ./src/EventLogger/Src/EventLogger_conf.o
 .debug_info    0x0001efc2      0x624 ./src/_initialize_hardware.o
 .debug_info    0x0001f5e6      0x792 ./src/main.o
 .debug_info    0x0001fd78     0x1837 ./src/stm32f4_discovery.o
 .debug_info    0x000215af      0x63c ./src/stm32f4xx_it.o

.debug_abbrev   0x00000000     0x5cac
 *(.debug_abbrev)
 .debug_abbrev  0x00000000      0x275 ./system/src/stm32f4-hal/stm32f4xx_hal.o
 .debug_abbrev  0x00000275      0x2d7 ./system/src/stm32f4-hal/stm32f4xx_hal_cortex.o
 .debug_abbrev  0x0000054c      0x22f ./system/src/stm32f4-hal/stm32f4xx_hal_flash.o
 .debug_abbrev  0x0000077b      0x293 ./system/src/stm32f4-hal/stm32f4xx_hal_flash_ex.o
 .debug_abbrev  0x00000a0e      0x1fe ./system/src/stm32f4-hal/stm32f4xx_hal_gpio.o
 .debug_abbrev  0x00000c0c      0x296 ./system/src/stm32f4-hal/stm32f4xx_hal_hcd.o
 .debug_abbrev  0x00000ea2      0x2c1 ./system/src/stm32f4-hal/stm32f4xx_hal_rcc.o
 .debug_abbrev  0x00001163      0x247 ./system/src/stm32f4-hal/stm32f4xx_ll_usb.o
 .debug_abbrev  0x000013aa       0xa4 ./system/src/newlib/_exit.o
 .debug_abbrev  0x0000144e       0xbb ./system/src/newlib/_sbrk.o
 .debug_abbrev  0x00001509      0x211 ./system/src/newlib/_startup.o
 .debug_abbrev  0x0000171a       0xe7 ./system/src/newlib/_syscalls.o
 .debug_abbrev  0x00001801       0xc9 ./system/src/newlib/assert.o
 .debug_abbrev  0x000018ca      0x178 ./system/src/diag/Trace.o
 .debug_abbrev  0x00001a42      0x188 ./system/src/diag/trace_impl.o
 .debug_abbrev  0x00001bca       0xd9 ./system/src/cortexm/_initialize_hardware.o
 .debug_abbrev  0x00001ca3      0x1d6 ./system/src/cortexm/exception_handlers.o
 .debug_abbrev  0x00001e79      0x104 ./system/src/cmsis/system_stm32f4xx.o
 .debug_abbrev  0x00001f7d       0x9d ./system/src/cmsis/vectors_stm32f4xx.o
 .debug_abbrev  0x0000201a      0x339 ./src/usb/MSC/Src/usbh_msc.o
 .debug_abbrev  0x00002353      0x2cd ./src/usb/MSC/Src/usbh_msc_bot.o
 .debug_abbrev  0x00002620      0x2dd ./src/usb/MSC/Src/usbh_msc_scsi.o
 .debug_abbrev  0x000028fd      0x32e ./src/usb/Core/Src/usbh_conf.o